Using pre-set license
Built from '2023.2/staging' branch; Version is '2023.2.3f1 (21747dafc6ee) revision 2192509'; Using compiler version '193431935'; Build Type 'Release'
OS: 'Windows 11  (10.0.22631) 64bit Core' Language: 'en' Physical Memory: 16068 MB
BatchMode: 1, IsHumanControllingUs: 0, StartBugReporterOnCrash: 0, Is64bit: 1, IsPro: 1

COMMAND LINE ARGUMENTS:
C:\Program Files\Unity\Hub\Editor\2023.2.3f1\Editor\Unity.exe
-adb2
-batchMode
-noUpm
-name
AssetImportWorker2
-projectPath
C:/Users/Jodie/Documents/project/AR/newtest/ARCloudAnchors/ARCloudAnchors
-logFile
Logs/AssetImportWorker2.log
-srvPort
58412
-job-worker-count
9
-background-job-worker-count
8
-asset-garbage-collectors
1
Successfully changed project path to: C:/Users/Jodie/Documents/project/AR/newtest/ARCloudAnchors/ARCloudAnchors
C:/Users/Jodie/Documents/project/AR/newtest/ARCloudAnchors/ARCloudAnchors
[UnityMemory] Configuration Parameters - Can be set up in boot.config
    "memorysetup-bucket-allocator-granularity=16"
    "memorysetup-bucket-allocator-bucket-count=8"
    "memorysetup-bucket-allocator-block-size=33554432"
    "memorysetup-bucket-allocator-block-count=8"
    "memorysetup-main-allocator-block-size=16777216"
    "memorysetup-thread-allocator-block-size=16777216"
    "memorysetup-gfx-main-allocator-block-size=16777216"
    "memorysetup-gfx-thread-allocator-block-size=16777216"
    "memorysetup-cache-allocator-block-size=4194304"
    "memorysetup-typetree-allocator-block-size=2097152"
    "memorysetup-profiler-bucket-allocator-granularity=16"
    "memorysetup-profiler-bucket-allocator-bucket-count=8"
    "memorysetup-profiler-bucket-allocator-block-size=33554432"
    "memorysetup-profiler-bucket-allocator-block-count=8"
    "memorysetup-profiler-allocator-block-size=16777216"
    "memorysetup-profiler-editor-allocator-block-size=1048576"
    "memorysetup-temp-allocator-size-main=16777216"
    "memorysetup-job-temp-allocator-block-size=2097152"
    "memorysetup-job-temp-allocator-block-size-background=1048576"
    "memorysetup-job-temp-allocator-reduction-small-platforms=262144"
    "memorysetup-allocator-temp-initial-block-size-main=262144"
    "memorysetup-allocator-temp-initial-block-size-worker=262144"
    "memorysetup-temp-allocator-size-background-worker=32768"
    "memorysetup-temp-allocator-size-job-worker=262144"
    "memorysetup-temp-allocator-size-preload-manager=33554432"
    "memorysetup-temp-allocator-size-nav-mesh-worker=65536"
    "memorysetup-temp-allocator-size-audio-worker=65536"
    "memorysetup-temp-allocator-size-cloud-worker=32768"
    "memorysetup-temp-allocator-size-gi-baking-worker=262144"
    "memorysetup-temp-allocator-size-gi-baking-worker=262144"
    "memorysetup-temp-allocator-size-gi-baking-worker=262144"
    "memorysetup-temp-allocator-size-gi-baking-worker=262144"
    "memorysetup-temp-allocator-size-gfx=262144"
Player connection [106192] Host "[IP] 172.16.201.6 [Port] 0 [Flags] 2 [Guid] 3306494695 [EditorId] 3306494695 [Version] 1048832 [Id] WindowsEditor(7,DESKTOP-6D8FKOB) [Debug] 1 [PackageName] WindowsEditor [ProjectName] Editor" joined multi-casting on [225.0.0.222:54997]...
Player connection [106192] Host "[IP] 172.16.201.6 [Port] 0 [Flags] 2 [Guid] 3306494695 [EditorId] 3306494695 [Version] 1048832 [Id] WindowsEditor(7,DESKTOP-6D8FKOB) [Debug] 1 [PackageName] WindowsEditor [ProjectName] Editor" joined alternative multi-casting on [225.0.0.222:34997]...
JobSystem: Creating JobQueue using job-worker-count value 9
[Physics::Module] Initialized MultithreadedJobDispatcher with 9 workers.
Library Redirect Path: Library/
Refreshing native plugins compatible for Editor in 5.51 ms, found 7 plugins.
Preloading 0 native plugins for Editor in 0.00 ms.
Initialize engine version: 2023.2.3f1 (21747dafc6ee)
[Subsystems] Discovering subsystems at path C:/Program Files/Unity/Hub/Editor/2023.2.3f1/Editor/Data/Resources/UnitySubsystems
[Subsystems] Discovering subsystems at path C:/Users/Jodie/Documents/project/AR/newtest/ARCloudAnchors/ARCloudAnchors/Assets
GfxDevice: creating device client; kGfxThreadingModeNonThreaded
Direct3D:
    Version:  Direct3D 11.0 [level 11.1]
    Renderer: NVIDIA GeForce RTX 4060 Laptop GPU (ID=0x28e0)
    Vendor:   NVIDIA
    VRAM:     7957 MB
    Driver:   32.0.15.5612
Initialize mono
Mono path[0] = 'C:/Program Files/Unity/Hub/Editor/2023.2.3f1/Editor/Data/Managed'
Mono path[1] = 'C:/Program Files/Unity/Hub/Editor/2023.2.3f1/Editor/Data/MonoBleedingEdge/lib/mono/unityjit-win32'
Mono config path = 'C:/Program Files/Unity/Hub/Editor/2023.2.3f1/Editor/Data/MonoBleedingEdge/etc'
Using monoOptions --debugger-agent=transport=dt_socket,embedding=1,server=y,suspend=n,address=127.0.0.1:56160
Begin MonoManager ReloadAssembly
C:\build\output\Unity-Technologies\mono\mono\metadata\icall.c:1842:
C:\build\output\Unity-Technologies\mono\mono\metadata\icall.c:1842:
C:\build\output\Unity-Technologies\mono\mono\metadata\icall.c:1842:
C:\build\output\Unity-Technologies\mono\mono\metadata\icall.c:1842:
C:\build\output\Unity-Technologies\mono\mono\metadata\icall.c:1842:
C:\build\output\Unity-Technologies\mono\mono\metadata\icall.c:1842:
C:\build\output\Unity-Technologies\mono\mono\metadata\icall.c:1842:
C:\build\output\Unity-Technologies\mono\mono\metadata\icall.c:1842:
C:\build\output\Unity-Technologies\mono\mono\metadata\icall.c:1842:
C:\build\output\Unity-Technologies\mono\mono\metadata\icall.c:1842:
Registering precompiled unity dll's ...
Register platform support module: C:/Program Files/Unity/Hub/Editor/2023.2.3f1/Editor/Data/PlaybackEngines/WindowsStandaloneSupport/UnityEditor.WindowsStandalone.Extensions.dll
Register platform support module: C:/Program Files/Unity/Hub/Editor/2023.2.3f1/Editor/Data/PlaybackEngines/AndroidPlayer/UnityEditor.Android.Extensions.dll
Register platform support module: C:/Program Files/Unity/Hub/Editor/2023.2.3f1/Editor/Data/PlaybackEngines/iOSSupport/UnityEditor.iOS.Extensions.dll
Registered in 0.004755 seconds.
- Loaded All Assemblies, in  0.410 seconds
[usbmuxd] Start listen thread
[usbmuxd] Listen thread started
Native extension for iOS target not found
Native extension for Android target not found
Android Extension - Scanning For ADB Devices 303 ms
Native extension for WindowsStandalone target not found
Mono: successfully reloaded assembly
C:\build\output\Unity-Technologies\mono\mono\metadata\icall.c:1842:
C:\build\output\Unity-Technologies\mono\mono\metadata\icall.c:1842:
- Finished resetting the current domain, in  0.664 seconds
Domain Reload Profiling: 1072ms
	BeginReloadAssembly (145ms)
		ExecutionOrderSort (0ms)
		DisableScriptedObjects (0ms)
		BackupInstance (0ms)
		ReleaseScriptingObjects (0ms)
		CreateAndSetChildDomain (1ms)
	RebuildCommonClasses (33ms)
	RebuildNativeTypeToScriptingClass (10ms)
	initialDomainReloadingComplete (49ms)
	LoadAllAssembliesAndSetupDomain (171ms)
		LoadAssemblies (142ms)
		RebuildTransferFunctionScriptingTraits (0ms)
		AnalyzeDomain (168ms)
			TypeCache.Refresh (166ms)
				TypeCache.ScanAssembly (152ms)
			BuildScriptInfoCaches (0ms)
			ResolveRequiredComponents (1ms)
	FinalizeReload (664ms)
		ReleaseScriptCaches (0ms)
		RebuildScriptCaches (0ms)
		SetupLoadedEditorAssemblies (607ms)
			LogAssemblyErrors (0ms)
			InitializePlatformSupportModulesInManaged (424ms)
			SetLoadedEditorAssemblies (2ms)
			BeforeProcessingInitializeOnLoad (7ms)
			ProcessInitializeOnLoadAttributes (128ms)
			ProcessInitializeOnLoadMethodAttributes (47ms)
			AfterProcessingInitializeOnLoad (0ms)
			EditorAssembliesLoaded (0ms)
		ExecutionOrderSort2 (0ms)
		AwakeInstancesAfterBackupRestoration (0ms)
========================================================================
Worker process is ready to serve import requests
Import Worker Mode flag is 0x00
Begin MonoManager ReloadAssembly
C:\build\output\Unity-Technologies\mono\mono\metadata\icall.c:1842:
C:\build\output\Unity-Technologies\mono\mono\metadata\icall.c:1842:
C:\build\output\Unity-Technologies\mono\mono\metadata\icall.c:1842:
C:\build\output\Unity-Technologies\mono\mono\metadata\icall.c:1842:
C:\build\output\Unity-Technologies\mono\mono\metadata\icall.c:1842:
C:\build\output\Unity-Technologies\mono\mono\metadata\icall.c:1842:
C:\build\output\Unity-Technologies\mono\mono\metadata\icall.c:1842:
C:\build\output\Unity-Technologies\mono\mono\metadata\icall.c:1842:
C:\build\output\Unity-Technologies\mono\mono\metadata\icall.c:1842:
C:\build\output\Unity-Technologies\mono\mono\metadata\icall.c:1842:
C:\build\output\Unity-Technologies\mono\mono\metadata\icall.c:1842:
C:\build\output\Unity-Technologies\mono\mono\metadata\icall.c:1842:
Symbol file LoadedFromMemory is not a mono symbol file
- Loaded All Assemblies, in  1.098 seconds
Refreshing native plugins compatible for Editor in 12.30 ms, found 7 plugins.
Native extension for iOS target not found
Native extension for Android target not found
Native extension for WindowsStandalone target not found
Package Manager log level set to [2]
[Package Manager] Failed to launch server process. Reason: Unity was launched with the -noUpm command-line argument
[Package Manager] Unable to send message (not connected to server process).
[Package Manager] Cannot connect to Unity Package Manager local server
Mono: successfully reloaded assembly
[Package Manager] Failed to launch server process. Reason: Unity was launched with the -noUpm command-line argument
[Package Manager] Unable to send message (not connected to server process).
[Package Manager] Cannot connect to Unity Package Manager local server
[Package Manager] Failed to launch server process. Reason: Unity was launched with the -noUpm command-line argument
[Package Manager] Unable to send message (not connected to server process).
[Package Manager] Cannot connect to Unity Package Manager local server
- Finished resetting the current domain, in  0.904 seconds
Domain Reload Profiling: 1988ms
	BeginReloadAssembly (343ms)
		ExecutionOrderSort (0ms)
		DisableScriptedObjects (5ms)
		BackupInstance (0ms)
		ReleaseScriptingObjects (0ms)
		CreateAndSetChildDomain (36ms)
	RebuildCommonClasses (28ms)
	RebuildNativeTypeToScriptingClass (13ms)
	initialDomainReloadingComplete (44ms)
	LoadAllAssembliesAndSetupDomain (656ms)
		LoadAssemblies (520ms)
		RebuildTransferFunctionScriptingTraits (0ms)
		AnalyzeDomain (252ms)
			TypeCache.Refresh (204ms)
				TypeCache.ScanAssembly (180ms)
			BuildScriptInfoCaches (34ms)
			ResolveRequiredComponents (11ms)
	FinalizeReload (904ms)
		ReleaseScriptCaches (0ms)
		RebuildScriptCaches (0ms)
		SetupLoadedEditorAssemblies (602ms)
			LogAssemblyErrors (0ms)
			InitializePlatformSupportModulesInManaged (24ms)
			SetLoadedEditorAssemblies (3ms)
			BeforeProcessingInitializeOnLoad (62ms)
			ProcessInitializeOnLoadAttributes (454ms)
			ProcessInitializeOnLoadMethodAttributes (55ms)
			AfterProcessingInitializeOnLoad (3ms)
			EditorAssembliesLoaded (0ms)
		ExecutionOrderSort2 (0ms)
		AwakeInstancesAfterBackupRestoration (6ms)
Launched and connected shader compiler UnityShaderCompiler.exe after 0.01 seconds
Refreshing native plugins compatible for Editor in 5.21 ms, found 7 plugins.
Preloading 0 native plugins for Editor in 0.00 ms.
Unloading 266 Unused Serialized files (Serialized files now loaded: 0)
Unloading 6344 unused Assets / (15.7 MB). Loaded Objects now: 6810.
Memory consumption went from 194.1 MB to 178.4 MB.
Total: 11.344200 ms (FindLiveObjects: 0.468400 ms CreateObjectMapping: 0.370800 ms MarkObjects: 4.197500 ms  DeleteObjects: 6.305600 ms)

========================================================================
Received Import Request.
  Time since last request: 242222.491563 seconds.
  path: Assets/Samples/XR Interaction Toolkit/2.5.4/AR Starter Assets/ARDemoSceneAssets/Sprites/Icon - Create.png
  artifactKey: Guid(7ec65d81ee53b4a76babde6fa254b6e1) Importer(2089858483,0ecaa5967403d082aa24f35e1b516d23)
Start importing Assets/Samples/XR Interaction Toolkit/2.5.4/AR Starter Assets/ARDemoSceneAssets/Sprites/Icon - Create.png using Guid(7ec65d81ee53b4a76babde6fa254b6e1) Importer(2089858483,0ecaa5967403d082aa24f35e1b516d23) (ScriptedImporter)Generated GUIDs only implemented for interfaces!
 -> (artifact id: '40e4b7bd483610bea0132029448d9be0') in 0.1726345 seconds
Number of updated asset objects reloaded before import = 0Number of asset objects unloaded after import = 3

========================================================================
Received Import Request.
  Time since last request: 0.000016 seconds.
  path: Assets/TextMesh Pro/Examples & Extras/Resources/Fonts & Materials/Anton SDF.asset
  artifactKey: Guid(8a89fa14b10d46a99122fd4f73fca9a2) Importer(2089858483,0ecaa5967403d082aa24f35e1b516d23)
Start importing Assets/TextMesh Pro/Examples & Extras/Resources/Fonts & Materials/Anton SDF.asset using Guid(8a89fa14b10d46a99122fd4f73fca9a2) Importer(2089858483,0ecaa5967403d082aa24f35e1b516d23) (ScriptedImporter)Generated GUIDs only implemented for interfaces!
 -> (artifact id: '481bca45e58f30c9ebacdb434ea010fe') in 0.0441164 seconds
Number of updated asset objects reloaded before import = 0Number of asset objects unloaded after import = 5

========================================================================
Received Import Request.
  Time since last request: 0.000015 seconds.
  path: Assets/Firebase/m2repository/com/google/firebase/firebase-app-unity/11.9.0/firebase-app-unity-11.9.0.pom
  artifactKey: Guid(8fdad9b2ad35409b9a010679dc99b68d) Importer(2089858483,0ecaa5967403d082aa24f35e1b516d23)
Start importing Assets/Firebase/m2repository/com/google/firebase/firebase-app-unity/11.9.0/firebase-app-unity-11.9.0.pom using Guid(8fdad9b2ad35409b9a010679dc99b68d) Importer(2089858483,0ecaa5967403d082aa24f35e1b516d23) (ScriptedImporter)Generated GUIDs only implemented for interfaces!
 -> (artifact id: '041c9d673737ef2e3c944d920b498978') in 0.0034456 seconds
Number of updated asset objects reloaded before import = 0Number of asset objects unloaded after import = 1

========================================================================
Received Import Request.
  Time since last request: 0.000100 seconds.
  path: Assets/ExternalDependencyManager/Editor/Google.VersionHandler.dll
  artifactKey: Guid(efd2c569f89a449498a0c946cd37a752) Importer(2089858483,0ecaa5967403d082aa24f35e1b516d23)
Start importing Assets/ExternalDependencyManager/Editor/Google.VersionHandler.dll using Guid(efd2c569f89a449498a0c946cd37a752) Importer(2089858483,0ecaa5967403d082aa24f35e1b516d23) (ScriptedImporter)Generated GUIDs only implemented for interfaces!
 -> (artifact id: 'baf3a9953a81a92dd64daf5d40512f21') in 0.0052893 seconds
Number of updated asset objects reloaded before import = 0Number of asset objects unloaded after import = 0

========================================================================
Received Import Request.
  Time since last request: 0.000116 seconds.
  path: Assets/Firebase/m2repository/com/google/firebase/firebase-analytics-unity/11.9.0/firebase-analytics-unity-11.9.0.srcaar
  artifactKey: Guid(ab9388572fe746a48ac4aa02d6d35df4) Importer(2089858483,0ecaa5967403d082aa24f35e1b516d23)
Start importing Assets/Firebase/m2repository/com/google/firebase/firebase-analytics-unity/11.9.0/firebase-analytics-unity-11.9.0.srcaar using Guid(ab9388572fe746a48ac4aa02d6d35df4) Importer(2089858483,0ecaa5967403d082aa24f35e1b516d23) (ScriptedImporter)Generated GUIDs only implemented for interfaces!
 -> (artifact id: '5f6fbd3b7014c25e7dcfe423a639b18a') in 0.0038452 seconds
Number of updated asset objects reloaded before import = 0Number of asset objects unloaded after import = 1

========================================================================
Received Import Request.
  Time since last request: 0.000240 seconds.
  path: Assets/Samples/XR Interaction Toolkit/2.5.4/Starter Assets/DemoSceneAssets/Prefabs/UI/MinMaxSlider.prefab
  artifactKey: Guid(657321a07c3561043af55547ec4b0ed7) Importer(2089858483,0ecaa5967403d082aa24f35e1b516d23)
Start importing Assets/Samples/XR Interaction Toolkit/2.5.4/Starter Assets/DemoSceneAssets/Prefabs/UI/MinMaxSlider.prefab using Guid(657321a07c3561043af55547ec4b0ed7) Importer(2089858483,0ecaa5967403d082aa24f35e1b516d23) (ScriptedImporter)Generated GUIDs only implemented for interfaces!
 -> (artifact id: 'af4d465b163710e59306f25784513a2b') in 0.0219785 seconds
Number of updated asset objects reloaded before import = 0Number of asset objects unloaded after import = 26

========================================================================
Received Import Request.
  Time since last request: 0.000017 seconds.
  path: Assets/Samples/XR Interaction Toolkit/2.5.4/XR Device Simulator/UI/Mouse/MouseR_d.png
  artifactKey: Guid(308cc8b73722e43eab64c228a76560a6) Importer(2089858483,0ecaa5967403d082aa24f35e1b516d23)
Start importing Assets/Samples/XR Interaction Toolkit/2.5.4/XR Device Simulator/UI/Mouse/MouseR_d.png using Guid(308cc8b73722e43eab64c228a76560a6) Importer(2089858483,0ecaa5967403d082aa24f35e1b516d23) (ScriptedImporter)Generated GUIDs only implemented for interfaces!
 -> (artifact id: '926e564f5492075d111072430accd070') in 0.0115288 seconds
Number of updated asset objects reloaded before import = 0Number of asset objects unloaded after import = 3

========================================================================
Received Import Request.
  Time since last request: 0.000116 seconds.
  path: Assets/Samples/XR Interaction Toolkit/2.5.4/XR Device Simulator/UI/Hands/Hand_Thumb.png
  artifactKey: Guid(3b2e62babc5249f42921c2cd027852cd) Importer(2089858483,0ecaa5967403d082aa24f35e1b516d23)
Start importing Assets/Samples/XR Interaction Toolkit/2.5.4/XR Device Simulator/UI/Hands/Hand_Thumb.png using Guid(3b2e62babc5249f42921c2cd027852cd) Importer(2089858483,0ecaa5967403d082aa24f35e1b516d23) (ScriptedImporter)Generated GUIDs only implemented for interfaces!
 -> (artifact id: '2d49e1653be5723d154ac2fc4e80ca01') in 0.0202783 seconds
Number of updated asset objects reloaded before import = 0Number of asset objects unloaded after import = 3

========================================================================
Received Import Request.
  Time since last request: 0.000042 seconds.
  path: Assets/GeneratedLocalRepo/Firebase/m2repository/com/google/firebase/firebase-auth-unity/11.9.0/firebase-auth-unity-11.9.0.aar
  artifactKey: Guid(c0f3b0b0227197042a6339300146cbfa) Importer(2089858483,0ecaa5967403d082aa24f35e1b516d23)
Start importing Assets/GeneratedLocalRepo/Firebase/m2repository/com/google/firebase/firebase-auth-unity/11.9.0/firebase-auth-unity-11.9.0.aar using Guid(c0f3b0b0227197042a6339300146cbfa) Importer(2089858483,0ecaa5967403d082aa24f35e1b516d23) (ScriptedImporter)Generated GUIDs only implemented for interfaces!
 -> (artifact id: 'a3c4c172362c7a7d24d2e25c34134678') in 0.0053018 seconds
Number of updated asset objects reloaded before import = 0Number of asset objects unloaded after import = 0

========================================================================
Received Import Request.
  Time since last request: 0.000040 seconds.
  path: Assets/GeneratedLocalRepo/Firebase/m2repository/com/google/firebase/firebase-database-unity/11.9.0/firebase-database-unity-11.9.0.pom
  artifactKey: Guid(0a4dfc0de84867f4797f58152b99de6f) Importer(2089858483,0ecaa5967403d082aa24f35e1b516d23)
Start importing Assets/GeneratedLocalRepo/Firebase/m2repository/com/google/firebase/firebase-database-unity/11.9.0/firebase-database-unity-11.9.0.pom using Guid(0a4dfc0de84867f4797f58152b99de6f) Importer(2089858483,0ecaa5967403d082aa24f35e1b516d23) (ScriptedImporter)Generated GUIDs only implemented for interfaces!
 -> (artifact id: '233c2e0ce59947cdde7499633ad63add') in 0.0034316 seconds
Number of updated asset objects reloaded before import = 0Number of asset objects unloaded after import = 1

========================================================================
Received Import Request.
  Time since last request: 0.000086 seconds.
  path: Assets/Samples/XR Interaction Toolkit/2.5.4/XR Device Simulator/UI/Mouse/Mouse.png
  artifactKey: Guid(f997d60d79a4e45cab6b1814e377a1b3) Importer(2089858483,0ecaa5967403d082aa24f35e1b516d23)
Start importing Assets/Samples/XR Interaction Toolkit/2.5.4/XR Device Simulator/UI/Mouse/Mouse.png using Guid(f997d60d79a4e45cab6b1814e377a1b3) Importer(2089858483,0ecaa5967403d082aa24f35e1b516d23) (ScriptedImporter)Generated GUIDs only implemented for interfaces!
 -> (artifact id: '61cc929161d12af01e6d577aa8ef0ea1') in 0.014051 seconds
Number of updated asset objects reloaded before import = 0Number of asset objects unloaded after import = 3

========================================================================
Received Import Request.
  Time since last request: 0.000035 seconds.
  path: Assets/Samples/XR Interaction Toolkit/2.5.4/Starter Assets/DemoSceneAssets/Prefabs/UI/Dropdown.prefab
  artifactKey: Guid(870459f1cb8d7b7428337cc5935feb67) Importer(2089858483,0ecaa5967403d082aa24f35e1b516d23)
Start importing Assets/Samples/XR Interaction Toolkit/2.5.4/Starter Assets/DemoSceneAssets/Prefabs/UI/Dropdown.prefab using Guid(870459f1cb8d7b7428337cc5935feb67) Importer(2089858483,0ecaa5967403d082aa24f35e1b516d23) (ScriptedImporter)Generated GUIDs only implemented for interfaces!
 -> (artifact id: '3f46dd709ada04c367fdaf675c702f57') in 0.0159536 seconds
Number of updated asset objects reloaded before import = 0Number of asset objects unloaded after import = 61

========================================================================
Received Import Request.
  Time since last request: 0.000015 seconds.
  path: Assets/Samples/XR Interaction Toolkit/2.5.4/XR Device Simulator/UI/Hands/Hand_Open.png
  artifactKey: Guid(ceccab26080354140af21950c6d338d5) Importer(2089858483,0ecaa5967403d082aa24f35e1b516d23)
Start importing Assets/Samples/XR Interaction Toolkit/2.5.4/XR Device Simulator/UI/Hands/Hand_Open.png using Guid(ceccab26080354140af21950c6d338d5) Importer(2089858483,0ecaa5967403d082aa24f35e1b516d23) (ScriptedImporter)Generated GUIDs only implemented for interfaces!
 -> (artifact id: '52e11397b195d348abf2d50bcfa03b22') in 0.0109604 seconds
Number of updated asset objects reloaded before import = 0Number of asset objects unloaded after import = 3

========================================================================
Received Import Request.
  Time since last request: 0.000016 seconds.
  path: Assets/Samples/XR Interaction Toolkit/2.5.4/Starter Assets/DemoSceneAssets/Prefabs/Interactables/Interaction Affordance.prefab
  artifactKey: Guid(eb9104ef66b7305468adb3697fdeed5e) Importer(2089858483,0ecaa5967403d082aa24f35e1b516d23)
Start importing Assets/Samples/XR Interaction Toolkit/2.5.4/Starter Assets/DemoSceneAssets/Prefabs/Interactables/Interaction Affordance.prefab using Guid(eb9104ef66b7305468adb3697fdeed5e) Importer(2089858483,0ecaa5967403d082aa24f35e1b516d23) (ScriptedImporter)Generated GUIDs only implemented for interfaces!
 -> (artifact id: '1e21ae6a41f0ffa453adc91ec7f61c3b') in 0.0192401 seconds
Number of updated asset objects reloaded before import = 0Number of asset objects unloaded after import = 10

========================================================================
Received Import Request.
  Time since last request: 0.000016 seconds.
  path: Assets/GeneratedLocalRepo/Firebase/m2repository/com/google/firebase/firebase-database-unity/11.9.0/firebase-database-unity-11.9.0.aar
  artifactKey: Guid(98f1576657f77cb49952021c0959601d) Importer(2089858483,0ecaa5967403d082aa24f35e1b516d23)
Start importing Assets/GeneratedLocalRepo/Firebase/m2repository/com/google/firebase/firebase-database-unity/11.9.0/firebase-database-unity-11.9.0.aar using Guid(98f1576657f77cb49952021c0959601d) Importer(2089858483,0ecaa5967403d082aa24f35e1b516d23) (ScriptedImporter)Generated GUIDs only implemented for interfaces!
 -> (artifact id: '30c7d81656c1ab578873f541e98aafcb') in 0.0046349 seconds
Number of updated asset objects reloaded before import = 0Number of asset objects unloaded after import = 0

========================================================================
Received Import Request.
  Time since last request: 0.000062 seconds.
  path: Assets/Samples/XR Interaction Toolkit/2.5.4/Starter Assets/DemoSceneAssets/Prefabs/UI/Text Toggle.prefab
  artifactKey: Guid(6a448845c7017044e8a9f3d711cfe825) Importer(2089858483,0ecaa5967403d082aa24f35e1b516d23)
Start importing Assets/Samples/XR Interaction Toolkit/2.5.4/Starter Assets/DemoSceneAssets/Prefabs/UI/Text Toggle.prefab using Guid(6a448845c7017044e8a9f3d711cfe825) Importer(2089858483,0ecaa5967403d082aa24f35e1b516d23) (ScriptedImporter)Generated GUIDs only implemented for interfaces!
 -> (artifact id: '09953a564a8e92cb34af2eb3ed611988') in 0.0145991 seconds
Number of updated asset objects reloaded before import = 0Number of asset objects unloaded after import = 28

========================================================================
Received Import Request.
  Time since last request: 0.000017 seconds.
  path: Assets/Samples/XR Interaction Toolkit/2.5.4/Starter Assets/DemoSceneAssets/Prefabs/Teleport/Snapping Teleport Anchor.prefab
  artifactKey: Guid(037ba65d346be2a48ad006b9a9a3873e) Importer(2089858483,0ecaa5967403d082aa24f35e1b516d23)
Start importing Assets/Samples/XR Interaction Toolkit/2.5.4/Starter Assets/DemoSceneAssets/Prefabs/Teleport/Snapping Teleport Anchor.prefab using Guid(037ba65d346be2a48ad006b9a9a3873e) Importer(2089858483,0ecaa5967403d082aa24f35e1b516d23) (ScriptedImporter)Generated GUIDs only implemented for interfaces!
 -> (artifact id: 'e3f572701bf7b5b06b7349f34fe45ec4') in 0.0203075 seconds
Number of updated asset objects reloaded before import = 0Number of asset objects unloaded after import = 29

========================================================================
Received Import Request.
  Time since last request: 0.000416 seconds.
  path: Assets/Samples/XR Interaction Toolkit/2.5.4/XR Device Simulator/UI/Mouse/Cursor.png
  artifactKey: Guid(9e4e923f2e0534a56b6a0c2321388194) Importer(2089858483,0ecaa5967403d082aa24f35e1b516d23)
Start importing Assets/Samples/XR Interaction Toolkit/2.5.4/XR Device Simulator/UI/Mouse/Cursor.png using Guid(9e4e923f2e0534a56b6a0c2321388194) Importer(2089858483,0ecaa5967403d082aa24f35e1b516d23) (ScriptedImporter)Generated GUIDs only implemented for interfaces!
 -> (artifact id: 'cd0d9a085b4a6a8fe550b4aa09996c34') in 0.0149675 seconds
Number of updated asset objects reloaded before import = 0Number of asset objects unloaded after import = 3

========================================================================
Received Import Request.
  Time since last request: 0.000025 seconds.
  path: Assets/Samples/XR Interaction Toolkit/2.5.4/Starter Assets/DemoSceneAssets/Prefabs/UI/Icon Button.prefab
  artifactKey: Guid(56686f82f64b0af4688a89676403a500) Importer(2089858483,0ecaa5967403d082aa24f35e1b516d23)
Start importing Assets/Samples/XR Interaction Toolkit/2.5.4/Starter Assets/DemoSceneAssets/Prefabs/UI/Icon Button.prefab using Guid(56686f82f64b0af4688a89676403a500) Importer(2089858483,0ecaa5967403d082aa24f35e1b516d23) (ScriptedImporter)Generated GUIDs only implemented for interfaces!
 -> (artifact id: '1178ca2e0e28e93532ce0945136a4022') in 0.0173239 seconds
Number of updated asset objects reloaded before import = 0Number of asset objects unloaded after import = 24

========================================================================
Received Import Request.
  Time since last request: 0.000040 seconds.
  path: Assets/Samples/XR Interaction Toolkit/2.5.4/AR Starter Assets/ARDemoSceneAssets/Prefabs/Arch.prefab
  artifactKey: Guid(13241d599ff10413498d04c6d683ca10) Importer(2089858483,0ecaa5967403d082aa24f35e1b516d23)
Start importing Assets/Samples/XR Interaction Toolkit/2.5.4/AR Starter Assets/ARDemoSceneAssets/Prefabs/Arch.prefab using Guid(13241d599ff10413498d04c6d683ca10) Importer(2089858483,0ecaa5967403d082aa24f35e1b516d23) (ScriptedImporter)Generated GUIDs only implemented for interfaces!
 -> (artifact id: '828f9909f0a80588a33c29036a58dffd') in 0.0178876 seconds
Number of updated asset objects reloaded before import = 0Number of asset objects unloaded after import = 21

========================================================================
Received Import Request.
  Time since last request: 0.000013 seconds.
  path: Assets/Firebase/m2repository/com/google/firebase/firebase-app-unity/maven-metadata.xml
  artifactKey: Guid(96337775a7c941d88ea15f8026ad6f8e) Importer(2089858483,0ecaa5967403d082aa24f35e1b516d23)
Start importing Assets/Firebase/m2repository/com/google/firebase/firebase-app-unity/maven-metadata.xml using Guid(96337775a7c941d88ea15f8026ad6f8e) Importer(2089858483,0ecaa5967403d082aa24f35e1b516d23) (ScriptedImporter)Generated GUIDs only implemented for interfaces!
 -> (artifact id: '2a45ba577f250510766e92de2fcf275c') in 0.0031988 seconds
Number of updated asset objects reloaded before import = 0Number of asset objects unloaded after import = 1

========================================================================
Received Import Request.
  Time since last request: 0.000042 seconds.
  path: Assets/Samples/XR Interaction Toolkit/2.5.4/AR Starter Assets/ARDemoSceneAssets/Prefabs/Cube.prefab
  artifactKey: Guid(ebd7292e888c84f05924605e51048072) Importer(2089858483,0ecaa5967403d082aa24f35e1b516d23)
Start importing Assets/Samples/XR Interaction Toolkit/2.5.4/AR Starter Assets/ARDemoSceneAssets/Prefabs/Cube.prefab using Guid(ebd7292e888c84f05924605e51048072) Importer(2089858483,0ecaa5967403d082aa24f35e1b516d23) (ScriptedImporter)Generated GUIDs only implemented for interfaces!
 -> (artifact id: 'e1482e45bafc03b462e31db42ae43166') in 0.0084478 seconds
Number of updated asset objects reloaded before import = 0Number of asset objects unloaded after import = 23

========================================================================
Received Import Request.
  Time since last request: 0.000019 seconds.
  path: Assets/Samples/XR Interaction Toolkit/2.5.4/Starter Assets/DemoSceneAssets/Prefabs/UI/Icon Toggle.prefab
  artifactKey: Guid(541ed11e270c6994ca5910042c7e04da) Importer(2089858483,0ecaa5967403d082aa24f35e1b516d23)
Start importing Assets/Samples/XR Interaction Toolkit/2.5.4/Starter Assets/DemoSceneAssets/Prefabs/UI/Icon Toggle.prefab using Guid(541ed11e270c6994ca5910042c7e04da) Importer(2089858483,0ecaa5967403d082aa24f35e1b516d23) (ScriptedImporter)Generated GUIDs only implemented for interfaces!
 -> (artifact id: 'ce26eb05c1bea03073e14fadc3ef0720') in 0.0084858 seconds
Number of updated asset objects reloaded before import = 0Number of asset objects unloaded after import = 24

========================================================================
Received Import Request.
  Time since last request: 0.000012 seconds.
  path: Assets/Samples/XR Interaction Toolkit/2.5.4/Starter Assets/DemoSceneAssets/Prefabs/UI/TextButton.prefab
  artifactKey: Guid(e5db301629853dd4a99835fa70099d79) Importer(2089858483,0ecaa5967403d082aa24f35e1b516d23)
Start importing Assets/Samples/XR Interaction Toolkit/2.5.4/Starter Assets/DemoSceneAssets/Prefabs/UI/TextButton.prefab using Guid(e5db301629853dd4a99835fa70099d79) Importer(2089858483,0ecaa5967403d082aa24f35e1b516d23) (ScriptedImporter)Generated GUIDs only implemented for interfaces!
 -> (artifact id: 'f16e87ba8baf9e2b73a26d6476e8603d') in 0.0196983 seconds
Number of updated asset objects reloaded before import = 0Number of asset objects unloaded after import = 24

========================================================================
Received Import Request.
  Time since last request: 0.000018 seconds.
  path: Assets/Samples/XR Interaction Toolkit/2.5.4/AR Starter Assets/ARDemoSceneAssets/Models/Primitive_Pyramid.fbx
  artifactKey: Guid(e760ff44a7adc4cf98ae34ae984d15a4) Importer(2089858483,0ecaa5967403d082aa24f35e1b516d23)
Start importing Assets/Samples/XR Interaction Toolkit/2.5.4/AR Starter Assets/ARDemoSceneAssets/Models/Primitive_Pyramid.fbx using Guid(e760ff44a7adc4cf98ae34ae984d15a4) Importer(2089858483,0ecaa5967403d082aa24f35e1b516d23) (ScriptedImporter)Generated GUIDs only implemented for interfaces!
 -> (artifact id: 'af3d3193f222db6ee8a9b3f733fe4708') in 0.0161755 seconds
Number of updated asset objects reloaded before import = 0Number of asset objects unloaded after import = 7

========================================================================
Received Import Request.
  Time since last request: 0.000017 seconds.
  path: Assets/Samples/XR Interaction Toolkit/2.5.4/AR Starter Assets/ARDemoSceneAssets/Sprites/Button - Circular BG.png
  artifactKey: Guid(7347b6042ec9e40c4a3cbd7077c91e67) Importer(2089858483,0ecaa5967403d082aa24f35e1b516d23)
Start importing Assets/Samples/XR Interaction Toolkit/2.5.4/AR Starter Assets/ARDemoSceneAssets/Sprites/Button - Circular BG.png using Guid(7347b6042ec9e40c4a3cbd7077c91e67) Importer(2089858483,0ecaa5967403d082aa24f35e1b516d23) (ScriptedImporter)Generated GUIDs only implemented for interfaces!
 -> (artifact id: '1f265fb3437c79a4f41d125ca43912fd') in 0.0105749 seconds
Number of updated asset objects reloaded before import = 0Number of asset objects unloaded after import = 3

========================================================================
Received Import Request.
  Time since last request: 0.000017 seconds.
  path: Assets/Samples/XR Interaction Toolkit/2.5.4/XR Device Simulator/UI/General/Unlocked.png
  artifactKey: Guid(f01f3bb228b3b4251a04e2036212d115) Importer(2089858483,0ecaa5967403d082aa24f35e1b516d23)
Start importing Assets/Samples/XR Interaction Toolkit/2.5.4/XR Device Simulator/UI/General/Unlocked.png using Guid(f01f3bb228b3b4251a04e2036212d115) Importer(2089858483,0ecaa5967403d082aa24f35e1b516d23) (ScriptedImporter)Generated GUIDs only implemented for interfaces!
 -> (artifact id: '116b54053570408214b01a15c620c392') in 0.0119694 seconds
Number of updated asset objects reloaded before import = 0Number of asset objects unloaded after import = 3

========================================================================
Received Import Request.
  Time since last request: 0.000034 seconds.
  path: Assets/Cyborg/Animations/_cyborg_walk_turn_left.fbx
  artifactKey: Guid(c9fc5130ad4a5bc47a9edd69966608de) Importer(2089858483,0ecaa5967403d082aa24f35e1b516d23)
Start importing Assets/Cyborg/Animations/_cyborg_walk_turn_left.fbx using Guid(c9fc5130ad4a5bc47a9edd69966608de) Importer(2089858483,0ecaa5967403d082aa24f35e1b516d23) (ScriptedImporter)Generated GUIDs only implemented for interfaces!
 -> (artifact id: '853e32ea873f197c6890ce176d91f3e4') in 0.0308245 seconds
Number of updated asset objects reloaded before import = 0Number of asset objects unloaded after import = 208

========================================================================
Received Import Request.
  Time since last request: 0.000012 seconds.
  path: Assets/Animations/Button.controller
  artifactKey: Guid(1d6d22d9b592e45e0818c13c315bb6ad) Importer(2089858483,0ecaa5967403d082aa24f35e1b516d23)
Start importing Assets/Animations/Button.controller using Guid(1d6d22d9b592e45e0818c13c315bb6ad) Importer(2089858483,0ecaa5967403d082aa24f35e1b516d23) (ScriptedImporter)Generated GUIDs only implemented for interfaces!
 -> (artifact id: '44f484b410dc8ceb7fc2a47c1ec8d021') in 0.0100949 seconds
Number of updated asset objects reloaded before import = 0Number of asset objects unloaded after import = 17

========================================================================
Received Import Request.
  Time since last request: 0.000048 seconds.
  path: Assets/Scenes/SampleScene.unity
  artifactKey: Guid(4755b35b590504809a7525fd2109c2e2) Importer(2089858483,0ecaa5967403d082aa24f35e1b516d23)
Start importing Assets/Scenes/SampleScene.unity using Guid(4755b35b590504809a7525fd2109c2e2) Importer(2089858483,0ecaa5967403d082aa24f35e1b516d23) (ScriptedImporter)Generated GUIDs only implemented for interfaces!
 -> (artifact id: '8ef1e1c40f80ddde93887d540a855c4c') in 0.0032396 seconds
Number of updated asset objects reloaded before import = 0Number of asset objects unloaded after import = 1

========================================================================
Received Import Request.
  Time since last request: 0.000084 seconds.
  path: Assets/TextMesh Pro/Examples & Extras/Resources/Fonts & Materials/Roboto-Bold SDF.asset
  artifactKey: Guid(5302535af1044152a457ed104f1f4b91) Importer(2089858483,0ecaa5967403d082aa24f35e1b516d23)
Start importing Assets/TextMesh Pro/Examples & Extras/Resources/Fonts & Materials/Roboto-Bold SDF.asset using Guid(5302535af1044152a457ed104f1f4b91) Importer(2089858483,0ecaa5967403d082aa24f35e1b516d23) (ScriptedImporter)Generated GUIDs only implemented for interfaces!
 -> (artifact id: 'ed29163223800efbdd09c4a436a78d8c') in 0.010746 seconds
Number of updated asset objects reloaded before import = 0Number of asset objects unloaded after import = 5

========================================================================
Received Import Request.
  Time since last request: 0.000014 seconds.
  path: Assets/Cyborg/Animations/_cyborg_walk_right.fbx
  artifactKey: Guid(948a95d9c3914d040b5e206f64eb75bb) Importer(2089858483,0ecaa5967403d082aa24f35e1b516d23)
Start importing Assets/Cyborg/Animations/_cyborg_walk_right.fbx using Guid(948a95d9c3914d040b5e206f64eb75bb) Importer(2089858483,0ecaa5967403d082aa24f35e1b516d23) (ScriptedImporter)Generated GUIDs only implemented for interfaces!
 -> (artifact id: '5bb44ea0a11c6ef7ffcd58aa78a041d8') in 0.0265566 seconds
Number of updated asset objects reloaded before import = 0Number of asset objects unloaded after import = 208

========================================================================
Received Import Request.
  Time since last request: 27.015978 seconds.
  path: Assets/Samples/XR Interaction Toolkit/2.5.4/AR Starter Assets/ARDemoSceneAssets/Materials/InteractableMat.mat
  artifactKey: Guid(405529b091e884f32ad1cdb05c634ebe) Importer(815301076,1909f56bfc062723c751e8b465ee728b)
Start importing Assets/Samples/XR Interaction Toolkit/2.5.4/AR Starter Assets/ARDemoSceneAssets/Materials/InteractableMat.mat using Guid(405529b091e884f32ad1cdb05c634ebe) Importer(815301076,1909f56bfc062723c751e8b465ee728b) (PreviewImporter) -> (artifact id: 'caaf1cb48c40ae4db7f47a626c8cc84e') in 0.2891712 seconds
Number of updated asset objects reloaded before import = 0Number of asset objects unloaded after import = 44

========================================================================
Received Import Request.
  Time since last request: 64.027212 seconds.
  path: Assets/Samples/XR Interaction Toolkit/2.5.4/AR Starter Assets/ARDemoSceneAssets/Prefabs/Cube.prefab
  artifactKey: Guid(ebd7292e888c84f05924605e51048072) Importer(815301076,1909f56bfc062723c751e8b465ee728b)
Start importing Assets/Samples/XR Interaction Toolkit/2.5.4/AR Starter Assets/ARDemoSceneAssets/Prefabs/Cube.prefab using Guid(ebd7292e888c84f05924605e51048072) Importer(815301076,1909f56bfc062723c751e8b465ee728b) (PreviewImporter) -> (artifact id: 'f7184ac834827fcc0f0fc6cff639a8d1') in 0.048407 seconds
Number of updated asset objects reloaded before import = 0Number of asset objects unloaded after import = 57

========================================================================
Received Import Request.
  Time since last request: 0.912275 seconds.
  path: Assets/Samples/XR Interaction Toolkit/2.5.4/AR Starter Assets/ARDemoSceneAssets/Prefabs/Cube.prefab
  artifactKey: Guid(ebd7292e888c84f05924605e51048072) Importer(2089858483,0ecaa5967403d082aa24f35e1b516d23)
Start importing Assets/Samples/XR Interaction Toolkit/2.5.4/AR Starter Assets/ARDemoSceneAssets/Prefabs/Cube.prefab using Guid(ebd7292e888c84f05924605e51048072) Importer(2089858483,0ecaa5967403d082aa24f35e1b516d23) (ScriptedImporter)Generated GUIDs only implemented for interfaces!
 -> (artifact id: '26e09a6e50a95c66c8c5e6aa9d61a6e9') in 0.0074791 seconds
Number of updated asset objects reloaded before import = 0Number of asset objects unloaded after import = 23

========================================================================
Received Import Request.
  Time since last request: 4.119803 seconds.
  path: Assets/Samples/XR Interaction Toolkit/2.5.4/Starter Assets/DemoSceneAssets/Prefabs/Interactables/Interactable Instant Pyramid.prefab
  artifactKey: Guid(2ed984a58a974166bf92c82a74380454) Importer(815301076,1909f56bfc062723c751e8b465ee728b)
Start importing Assets/Samples/XR Interaction Toolkit/2.5.4/Starter Assets/DemoSceneAssets/Prefabs/Interactables/Interactable Instant Pyramid.prefab using Guid(2ed984a58a974166bf92c82a74380454) Importer(815301076,1909f56bfc062723c751e8b465ee728b) (PreviewImporter) -> (artifact id: '25c45cee04e62bb947b54bfaa8ad1ad0') in 0.015878 seconds
Number of updated asset objects reloaded before import = 0Number of asset objects unloaded after import = 57

========================================================================
Received Import Request.
  Time since last request: 0.006692 seconds.
  path: Assets/Samples/XR Interaction Toolkit/2.5.4/Starter Assets/DemoSceneAssets/Prefabs/Interactables/Interactable Simple Cube.prefab
  artifactKey: Guid(2e16046ebcbcb6742a86569d82e56cce) Importer(815301076,1909f56bfc062723c751e8b465ee728b)
Start importing Assets/Samples/XR Interaction Toolkit/2.5.4/Starter Assets/DemoSceneAssets/Prefabs/Interactables/Interactable Simple Cube.prefab using Guid(2e16046ebcbcb6742a86569d82e56cce) Importer(815301076,1909f56bfc062723c751e8b465ee728b) (PreviewImporter) -> (artifact id: '8a3e836ccac7feef2ba1ae0c16abceae') in 0.0220467 seconds
Number of updated asset objects reloaded before import = 0Number of asset objects unloaded after import = 56

========================================================================
Received Import Request.
  Time since last request: 0.000021 seconds.
  path: Assets/Samples/XR Interaction Toolkit/2.5.4/Starter Assets/DemoSceneAssets/Prefabs/Interactables/Push Button.prefab
  artifactKey: Guid(76f3439a0ae796e4b81bee3f91f888ee) Importer(815301076,1909f56bfc062723c751e8b465ee728b)
Start importing Assets/Samples/XR Interaction Toolkit/2.5.4/Starter Assets/DemoSceneAssets/Prefabs/Interactables/Push Button.prefab using Guid(76f3439a0ae796e4b81bee3f91f888ee) Importer(815301076,1909f56bfc062723c751e8b465ee728b) (PreviewImporter) -> (artifact id: 'da03f8f9aa28b06dad4e21d311af372a') in 0.0176025 seconds
Number of updated asset objects reloaded before import = 0Number of asset objects unloaded after import = 76

========================================================================
Received Import Request.
  Time since last request: 29.047051 seconds.
  path: Assets/Samples/XR Interaction Toolkit/2.5.4/AR Starter Assets/ARDemoSceneAssets/Prefabs/Arch.prefab
  artifactKey: Guid(13241d599ff10413498d04c6d683ca10) Importer(815301076,1909f56bfc062723c751e8b465ee728b)
Start importing Assets/Samples/XR Interaction Toolkit/2.5.4/AR Starter Assets/ARDemoSceneAssets/Prefabs/Arch.prefab using Guid(13241d599ff10413498d04c6d683ca10) Importer(815301076,1909f56bfc062723c751e8b465ee728b) (PreviewImporter) -> (artifact id: 'f65d513780394fa9e962dda6065b11a6') in 0.0203549 seconds
Number of updated asset objects reloaded before import = 0Number of asset objects unloaded after import = 54

========================================================================
Received Import Request.
  Time since last request: 0.951945 seconds.
  path: Assets/Samples/XR Interaction Toolkit/2.5.4/AR Starter Assets/ARDemoSceneAssets/Prefabs/Arch.prefab
  artifactKey: Guid(13241d599ff10413498d04c6d683ca10) Importer(2089858483,0ecaa5967403d082aa24f35e1b516d23)
Start importing Assets/Samples/XR Interaction Toolkit/2.5.4/AR Starter Assets/ARDemoSceneAssets/Prefabs/Arch.prefab using Guid(13241d599ff10413498d04c6d683ca10) Importer(2089858483,0ecaa5967403d082aa24f35e1b516d23) (ScriptedImporter)Generated GUIDs only implemented for interfaces!
 -> (artifact id: 'b87867aa07db57d44e45ec06fa02bf83') in 0.0078629 seconds
Number of updated asset objects reloaded before import = 0Number of asset objects unloaded after import = 21

========================================================================
Received Import Request.
  Time since last request: 2.334655 seconds.
  path: Assets/Samples/XR Interaction Toolkit/2.5.4/AR Starter Assets/ARDemoSceneAssets/Prefabs/Cube.prefab
  artifactKey: Guid(ebd7292e888c84f05924605e51048072) Importer(815301076,1909f56bfc062723c751e8b465ee728b)
Start importing Assets/Samples/XR Interaction Toolkit/2.5.4/AR Starter Assets/ARDemoSceneAssets/Prefabs/Cube.prefab using Guid(ebd7292e888c84f05924605e51048072) Importer(815301076,1909f56bfc062723c751e8b465ee728b) (PreviewImporter) -> (artifact id: '9db1a92444f0dba50af9ece095dd4441') in 0.14788 seconds
Number of updated asset objects reloaded before import = 0Number of asset objects unloaded after import = 57

========================================================================
Received Import Request.
  Time since last request: 0.000019 seconds.
  path: Assets/Samples/XR Interaction Toolkit/2.5.4/AR Starter Assets/ARDemoSceneAssets/Prefabs/Torus.prefab
  artifactKey: Guid(8ae99c55d89c449b4be74f60dc81e02b) Importer(815301076,1909f56bfc062723c751e8b465ee728b)
Start importing Assets/Samples/XR Interaction Toolkit/2.5.4/AR Starter Assets/ARDemoSceneAssets/Prefabs/Torus.prefab using Guid(8ae99c55d89c449b4be74f60dc81e02b) Importer(815301076,1909f56bfc062723c751e8b465ee728b) (PreviewImporter) -> (artifact id: '764c92705ea4f8cb702eaf51fcc760c4') in 0.1167394 seconds
Number of updated asset objects reloaded before import = 0Number of asset objects unloaded after import = 57

========================================================================
Received Import Request.
  Time since last request: 0.707132 seconds.
  path: Assets/Samples/XR Interaction Toolkit/2.5.4/AR Starter Assets/ARDemoSceneAssets/Materials/InteractableMat.mat
  artifactKey: Guid(405529b091e884f32ad1cdb05c634ebe) Importer(2089858483,0ecaa5967403d082aa24f35e1b516d23)
Start importing Assets/Samples/XR Interaction Toolkit/2.5.4/AR Starter Assets/ARDemoSceneAssets/Materials/InteractableMat.mat using Guid(405529b091e884f32ad1cdb05c634ebe) Importer(2089858483,0ecaa5967403d082aa24f35e1b516d23) (ScriptedImporter)Generated GUIDs only implemented for interfaces!
 -> (artifact id: '6e20208899cf1c732cf5a1827f47af37') in 0.010551 seconds
Number of updated asset objects reloaded before import = 0Number of asset objects unloaded after import = 3

========================================================================
Received Prepare
Refreshing native plugins compatible for Editor in 4.83 ms, found 7 plugins.
Preloading 0 native plugins for Editor in 0.00 ms.
Unloading 97 Unused Serialized files (Serialized files now loaded: 0)
Unloading 6232 unused Assets / (14.7 MB). Loaded Objects now: 6947.
Memory consumption went from 179.1 MB to 164.4 MB.
Total: 15.178700 ms (FindLiveObjects: 0.885700 ms CreateObjectMapping: 1.137100 ms MarkObjects: 6.963400 ms  DeleteObjects: 6.190700 ms)

Prepare: number of updated asset objects reloaded= 0
========================================================================
Received Prepare
Refreshing native plugins compatible for Editor in 4.71 ms, found 7 plugins.
Preloading 0 native plugins for Editor in 0.00 ms.
Unloading 90 Unused Serialized files (Serialized files now loaded: 0)
Unloading 6230 unused Assets / (14.8 MB). Loaded Objects now: 6947.
Memory consumption went from 177.4 MB to 162.6 MB.
Total: 23.121200 ms (FindLiveObjects: 0.530500 ms CreateObjectMapping: 0.298500 ms MarkObjects: 8.740600 ms  DeleteObjects: 13.549700 ms)

Prepare: number of updated asset objects reloaded= 0
========================================================================
Received Import Request.
  Time since last request: 113.813035 seconds.
  path: Assets/Samples/XR Interaction Toolkit/2.5.4/AR Starter Assets/ARDemoSceneAssets/Prefabs/Arch.prefab
  artifactKey: Guid(13241d599ff10413498d04c6d683ca10) Importer(815301076,1909f56bfc062723c751e8b465ee728b)
Start importing Assets/Samples/XR Interaction Toolkit/2.5.4/AR Starter Assets/ARDemoSceneAssets/Prefabs/Arch.prefab using Guid(13241d599ff10413498d04c6d683ca10) Importer(815301076,1909f56bfc062723c751e8b465ee728b) (PreviewImporter) -> (artifact id: 'dc40830eb6bf989c7bd368de5f790522') in 0.0319994 seconds
Number of updated asset objects reloaded before import = 0Number of asset objects unloaded after import = 54

========================================================================
Received Import Request.
  Time since last request: 0.942490 seconds.
  path: Assets/Samples/XR Interaction Toolkit/2.5.4/AR Starter Assets/ARDemoSceneAssets/Prefabs/Arch.prefab
  artifactKey: Guid(13241d599ff10413498d04c6d683ca10) Importer(2089858483,0ecaa5967403d082aa24f35e1b516d23)
Start importing Assets/Samples/XR Interaction Toolkit/2.5.4/AR Starter Assets/ARDemoSceneAssets/Prefabs/Arch.prefab using Guid(13241d599ff10413498d04c6d683ca10) Importer(2089858483,0ecaa5967403d082aa24f35e1b516d23) (ScriptedImporter)Generated GUIDs only implemented for interfaces!
 -> (artifact id: '7830af8cef4164add435bce14169d488') in 0.0233758 seconds
Number of updated asset objects reloaded before import = 0Number of asset objects unloaded after import = 21

========================================================================
Received Import Request.
  Time since last request: 148.851250 seconds.
  path: Assets/Scenes/ARCloudAnchortest.unity
  artifactKey: Guid(7a2570febc3e86f4ab28dc0ee6127a3e) Importer(2089858483,0ecaa5967403d082aa24f35e1b516d23)
Start importing Assets/Scenes/ARCloudAnchortest.unity using Guid(7a2570febc3e86f4ab28dc0ee6127a3e) Importer(2089858483,0ecaa5967403d082aa24f35e1b516d23) (ScriptedImporter)Generated GUIDs only implemented for interfaces!
 -> (artifact id: '89c547c09422c2c10e29936e1404f0d2') in 0.0054816 seconds
Number of updated asset objects reloaded before import = 0Number of asset objects unloaded after import = 1

========================================================================
Received Prepare
Refreshing native plugins compatible for Editor in 4.32 ms, found 7 plugins.
Preloading 0 native plugins for Editor in 0.00 ms.
Unloading 90 Unused Serialized files (Serialized files now loaded: 0)
Unloading 6230 unused Assets / (14.4 MB). Loaded Objects now: 6947.
Memory consumption went from 177.3 MB to 163.0 MB.
Total: 15.128900 ms (FindLiveObjects: 0.422600 ms CreateObjectMapping: 0.278500 ms MarkObjects: 7.813700 ms  DeleteObjects: 6.610800 ms)

Prepare: number of updated asset objects reloaded= 0
========================================================================
Received Prepare
Refreshing native plugins compatible for Editor in 4.69 ms, found 7 plugins.
Preloading 0 native plugins for Editor in 0.00 ms.
Unloading 90 Unused Serialized files (Serialized files now loaded: 0)
Unloading 6230 unused Assets / (14.7 MB). Loaded Objects now: 6947.
Memory consumption went from 177.3 MB to 162.6 MB.
Total: 14.366200 ms (FindLiveObjects: 0.461800 ms CreateObjectMapping: 0.412300 ms MarkObjects: 5.832200 ms  DeleteObjects: 7.657800 ms)

Prepare: number of updated asset objects reloaded= 0
========================================================================
Received Import Request.
  Time since last request: 1765.601267 seconds.
  path: Assets/Samples/XR Interaction Toolkit/2.5.4/Starter Assets/Editor/Unity.XR.Interaction.Toolkit.Samples.StarterAssets.Editor.asmdef
  artifactKey: Guid(9233538b711383d449a485633568d17c) Importer(815301076,1909f56bfc062723c751e8b465ee728b)
Start importing Assets/Samples/XR Interaction Toolkit/2.5.4/Starter Assets/Editor/Unity.XR.Interaction.Toolkit.Samples.StarterAssets.Editor.asmdef using Guid(9233538b711383d449a485633568d17c) Importer(815301076,1909f56bfc062723c751e8b465ee728b) (PreviewImporter) -> (artifact id: '44ee8278b6239f921625c1abc882f597') in 0.0476354 seconds
Number of updated asset objects reloaded before import = 0Number of asset objects unloaded after import = 0

========================================================================
Received Import Request.
  Time since last request: 7.201249 seconds.
  path: Assets/Samples/XR Interaction Toolkit/2.5.4/AR Starter Assets/ARDemoSceneAssets/Materials/InteractableMat.mat
  artifactKey: Guid(405529b091e884f32ad1cdb05c634ebe) Importer(815301076,1909f56bfc062723c751e8b465ee728b)
Start importing Assets/Samples/XR Interaction Toolkit/2.5.4/AR Starter Assets/ARDemoSceneAssets/Materials/InteractableMat.mat using Guid(405529b091e884f32ad1cdb05c634ebe) Importer(815301076,1909f56bfc062723c751e8b465ee728b) (PreviewImporter) -> (artifact id: '55eba7aa1486e670ab0a7a13d317acda') in 0.1993735 seconds
Number of updated asset objects reloaded before import = 0Number of asset objects unloaded after import = 24

========================================================================
Received Import Request.
  Time since last request: 143.118257 seconds.
  path: Assets/Samples/XR Interaction Toolkit/2.5.4/Starter Assets/DemoSceneAssets/Prefabs/Climb/Climb Sample.prefab
  artifactKey: Guid(2ea572d587ee60f44bd5baa3bc2d6503) Importer(815301076,1909f56bfc062723c751e8b465ee728b)
Start importing Assets/Samples/XR Interaction Toolkit/2.5.4/Starter Assets/DemoSceneAssets/Prefabs/Climb/Climb Sample.prefab using Guid(2ea572d587ee60f44bd5baa3bc2d6503) Importer(815301076,1909f56bfc062723c751e8b465ee728b) (PreviewImporter) -> (artifact id: '52d9a6c8516ec59b399606811d7c4b67') in 0.1433131 seconds
Number of updated asset objects reloaded before import = 0Number of asset objects unloaded after import = 1111

========================================================================
Received Import Request.
  Time since last request: 0.000031 seconds.
  path: Assets/Samples/XR Interaction Toolkit/2.5.4/Starter Assets/DemoSceneAssets/Prefabs/Climb/Ladder.prefab
  artifactKey: Guid(b3830b3b2f190ee46a9c88433e985221) Importer(815301076,1909f56bfc062723c751e8b465ee728b)
Start importing Assets/Samples/XR Interaction Toolkit/2.5.4/Starter Assets/DemoSceneAssets/Prefabs/Climb/Ladder.prefab using Guid(b3830b3b2f190ee46a9c88433e985221) Importer(815301076,1909f56bfc062723c751e8b465ee728b) (PreviewImporter) -> (artifact id: '78f937b4958987328590e78bd4bd4d1a') in 0.0155179 seconds
Number of updated asset objects reloaded before import = 0Number of asset objects unloaded after import = 214

========================================================================
Received Import Request.
  Time since last request: 32.995220 seconds.
  path: Assets/Prefabs/Placement.prefab
  artifactKey: Guid(129ad34963f384c74a74dc102aafbe4d) Importer(2089858483,0ecaa5967403d082aa24f35e1b516d23)
Start importing Assets/Prefabs/Placement.prefab using Guid(129ad34963f384c74a74dc102aafbe4d) Importer(2089858483,0ecaa5967403d082aa24f35e1b516d23) (ScriptedImporter)Generated GUIDs only implemented for interfaces!
 -> (artifact id: 'd8c01e65fab19605568e1d21b6147e96') in 0.0695624 seconds
Number of updated asset objects reloaded before import = 0Number of asset objects unloaded after import = 18

========================================================================
Received Prepare
Refreshing native plugins compatible for Editor in 4.70 ms, found 7 plugins.
Preloading 0 native plugins for Editor in 0.00 ms.
Unloading 90 Unused Serialized files (Serialized files now loaded: 0)
Unloading 6230 unused Assets / (14.6 MB). Loaded Objects now: 6949.
Memory consumption went from 178.1 MB to 163.5 MB.
Total: 249.240100 ms (FindLiveObjects: 0.881400 ms CreateObjectMapping: 0.469100 ms MarkObjects: 241.977900 ms  DeleteObjects: 5.907100 ms)

Prepare: number of updated asset objects reloaded= 0
========================================================================
Received Prepare
Refreshing native plugins compatible for Editor in 4.01 ms, found 7 plugins.
Preloading 0 native plugins for Editor in 0.00 ms.
Unloading 90 Unused Serialized files (Serialized files now loaded: 0)
Unloading 6230 unused Assets / (14.5 MB). Loaded Objects now: 6949.
Memory consumption went from 178.3 MB to 163.8 MB.
Total: 11.930300 ms (FindLiveObjects: 0.417200 ms CreateObjectMapping: 0.269000 ms MarkObjects: 5.157600 ms  DeleteObjects: 6.085200 ms)

Prepare: number of updated asset objects reloaded= 0
========================================================================
Received Import Request.
  Time since last request: 2995.772952 seconds.
  path: Assets/Prefabs/Placement.prefab
  artifactKey: Guid(129ad34963f384c74a74dc102aafbe4d) Importer(815301076,1909f56bfc062723c751e8b465ee728b)
Start importing Assets/Prefabs/Placement.prefab using Guid(129ad34963f384c74a74dc102aafbe4d) Importer(815301076,1909f56bfc062723c751e8b465ee728b) (PreviewImporter) -> (artifact id: 'a6b49510cb165ef71c65b1972270162d') in 0.2138658 seconds
Number of updated asset objects reloaded before import = 0Number of asset objects unloaded after import = 50

========================================================================
Received Import Request.
  Time since last request: 1413.428321 seconds.
  path: Assets/Prefabs/Placement.prefab
  artifactKey: Guid(129ad34963f384c74a74dc102aafbe4d) Importer(815301076,1909f56bfc062723c751e8b465ee728b)
Start importing Assets/Prefabs/Placement.prefab using Guid(129ad34963f384c74a74dc102aafbe4d) Importer(815301076,1909f56bfc062723c751e8b465ee728b) (PreviewImporter) -> (artifact id: 'd3a685ffa9a49bd565a540daadc75e2b') in 0.1069457 seconds
Number of updated asset objects reloaded before import = 0Number of asset objects unloaded after import = 50

========================================================================
Received Import Request.
  Time since last request: 0.850426 seconds.
  path: Assets/Prefabs/Placement.prefab
  artifactKey: Guid(129ad34963f384c74a74dc102aafbe4d) Importer(2089858483,0ecaa5967403d082aa24f35e1b516d23)
Start importing Assets/Prefabs/Placement.prefab using Guid(129ad34963f384c74a74dc102aafbe4d) Importer(2089858483,0ecaa5967403d082aa24f35e1b516d23) (ScriptedImporter)Generated GUIDs only implemented for interfaces!
 -> (artifact id: '29643c47fa825eec5cd2e748237ca512') in 0.0467598 seconds
Number of updated asset objects reloaded before import = 0Number of asset objects unloaded after import = 18

========================================================================
Received Prepare
Refreshing native plugins compatible for Editor in 8.27 ms, found 7 plugins.
Preloading 0 native plugins for Editor in 0.00 ms.
Unloading 90 Unused Serialized files (Serialized files now loaded: 0)
Unloading 6230 unused Assets / (14.3 MB). Loaded Objects now: 6949.
Memory consumption went from 178.2 MB to 163.9 MB.
Total: 62.448200 ms (FindLiveObjects: 0.957600 ms CreateObjectMapping: 0.353500 ms MarkObjects: 53.488400 ms  DeleteObjects: 7.645700 ms)

Prepare: number of updated asset objects reloaded= 0
========================================================================
Received Prepare
Refreshing native plugins compatible for Editor in 6.58 ms, found 7 plugins.
Preloading 0 native plugins for Editor in 0.00 ms.
Unloading 90 Unused Serialized files (Serialized files now loaded: 0)
Unloading 6230 unused Assets / (13.8 MB). Loaded Objects now: 6949.
Memory consumption went from 178.2 MB to 164.4 MB.
Total: 11.270100 ms (FindLiveObjects: 0.422000 ms CreateObjectMapping: 0.285400 ms MarkObjects: 4.429200 ms  DeleteObjects: 6.132300 ms)

Prepare: number of updated asset objects reloaded= 0
========================================================================
Received Prepare
Refreshing native plugins compatible for Editor in 4.48 ms, found 7 plugins.
Preloading 0 native plugins for Editor in 0.00 ms.
Unloading 90 Unused Serialized files (Serialized files now loaded: 0)
Unloading 6230 unused Assets / (14.7 MB). Loaded Objects now: 6949.
Memory consumption went from 178.2 MB to 163.6 MB.
Total: 13.669400 ms (FindLiveObjects: 0.435400 ms CreateObjectMapping: 0.311700 ms MarkObjects: 7.563000 ms  DeleteObjects: 5.357100 ms)

Prepare: number of updated asset objects reloaded= 0
========================================================================
Received Prepare
Refreshing native plugins compatible for Editor in 4.24 ms, found 7 plugins.
Preloading 0 native plugins for Editor in 0.00 ms.
Unloading 90 Unused Serialized files (Serialized files now loaded: 0)
Unloading 6230 unused Assets / (14.6 MB). Loaded Objects now: 6949.
Memory consumption went from 178.3 MB to 163.6 MB.
Total: 11.559700 ms (FindLiveObjects: 0.439300 ms CreateObjectMapping: 0.272300 ms MarkObjects: 5.081500 ms  DeleteObjects: 5.765000 ms)

Prepare: number of updated asset objects reloaded= 0
========================================================================
Received Import Request.
  Time since last request: 2942.837098 seconds.
  path: Assets/Prefabs
  artifactKey: Guid(aab1a5a69318441c2ba075a354933b71) Importer(815301076,1909f56bfc062723c751e8b465ee728b)
Start importing Assets/Prefabs using Guid(aab1a5a69318441c2ba075a354933b71) Importer(815301076,1909f56bfc062723c751e8b465ee728b) (PreviewImporter) -> (artifact id: '31e9e5281b82b751ae6991b0a44af95b') in 0.0504676 seconds
Number of updated asset objects reloaded before import = 0Number of asset objects unloaded after import = 0

========================================================================
Received Import Request.
  Time since last request: 14.349163 seconds.
  path: Assets/Prefabs/Placement.prefab
  artifactKey: Guid(129ad34963f384c74a74dc102aafbe4d) Importer(815301076,1909f56bfc062723c751e8b465ee728b)
Start importing Assets/Prefabs/Placement.prefab using Guid(129ad34963f384c74a74dc102aafbe4d) Importer(815301076,1909f56bfc062723c751e8b465ee728b) (PreviewImporter) -> (artifact id: '403497ead6c9d277dd0b30b1c54a5322') in 0.1451996 seconds
Number of updated asset objects reloaded before import = 0Number of asset objects unloaded after import = 50

========================================================================
Received Import Request.
  Time since last request: 0.748241 seconds.
  path: Assets/FastMesh/Meshs/Park
  artifactKey: Guid(8cfabe28c7eb9d14d801adbe7923867b) Importer(2089858483,0ecaa5967403d082aa24f35e1b516d23)
Start importing Assets/FastMesh/Meshs/Park using Guid(8cfabe28c7eb9d14d801adbe7923867b) Importer(2089858483,0ecaa5967403d082aa24f35e1b516d23) (ScriptedImporter)Generated GUIDs only implemented for interfaces!
 -> (artifact id: '41d639cd131e1eef28a3c8952dc5ff5d') in 0.0149764 seconds
Number of updated asset objects reloaded before import = 0Number of asset objects unloaded after import = 1

========================================================================
Received Import Request.
  Time since last request: 0.012506 seconds.
  path: Assets/MobileARTemplateAssets/Prefabs
  artifactKey: Guid(4d8199dc698861f4b8af78a78afc9a78) Importer(2089858483,0ecaa5967403d082aa24f35e1b516d23)
Start importing Assets/MobileARTemplateAssets/Prefabs using Guid(4d8199dc698861f4b8af78a78afc9a78) Importer(2089858483,0ecaa5967403d082aa24f35e1b516d23) (ScriptedImporter)Generated GUIDs only implemented for interfaces!
 -> (artifact id: 'b3961c3c815fcc63962e276df88d4d19') in 0.0120659 seconds
Number of updated asset objects reloaded before import = 0Number of asset objects unloaded after import = 1

========================================================================
Received Import Request.
  Time since last request: 0.000608 seconds.
  path: Assets/FastMesh/Materials/Wood 1.mat
  artifactKey: Guid(70aaaf953109828498457c073881e075) Importer(2089858483,0ecaa5967403d082aa24f35e1b516d23)
Start importing Assets/FastMesh/Materials/Wood 1.mat using Guid(70aaaf953109828498457c073881e075) Importer(2089858483,0ecaa5967403d082aa24f35e1b516d23) (ScriptedImporter)Generated GUIDs only implemented for interfaces!
 -> (artifact id: '5edcdec54ed0f1b6853cae964d239981') in 0.0700748 seconds
Number of updated asset objects reloaded before import = 0Number of asset objects unloaded after import = 2

========================================================================
Received Import Request.
  Time since last request: 0.000026 seconds.
  path: Assets/MobileARTemplateAssets
  artifactKey: Guid(45776986504c69c47a9b772a824fedb0) Importer(2089858483,0ecaa5967403d082aa24f35e1b516d23)
Start importing Assets/MobileARTemplateAssets using Guid(45776986504c69c47a9b772a824fedb0) Importer(2089858483,0ecaa5967403d082aa24f35e1b516d23) (ScriptedImporter)Generated GUIDs only implemented for interfaces!
 -> (artifact id: 'd218034c87a3a8b314125cfc22f86866') in 0.0074841 seconds
Number of updated asset objects reloaded before import = 0Number of asset objects unloaded after import = 1

========================================================================
Received Import Request.
  Time since last request: 0.000085 seconds.
  path: Assets/FastMesh/Meshs
  artifactKey: Guid(6ca2c1d03d7c453468a337d9288adc9d) Importer(2089858483,0ecaa5967403d082aa24f35e1b516d23)
Start importing Assets/FastMesh/Meshs using Guid(6ca2c1d03d7c453468a337d9288adc9d) Importer(2089858483,0ecaa5967403d082aa24f35e1b516d23) (ScriptedImporter)Generated GUIDs only implemented for interfaces!
 -> (artifact id: 'd04de367d924a5627811381b2a5d21be') in 0.006022 seconds
Number of updated asset objects reloaded before import = 0Number of asset objects unloaded after import = 1

========================================================================
Received Import Request.
  Time since last request: 0.000132 seconds.
  path: Assets/Samples/XR Interaction Toolkit/2.5.4/Starter Assets/DemoSceneAssets/Prefabs/Interactables/Interaction Affordance.prefab
  artifactKey: Guid(eb9104ef66b7305468adb3697fdeed5e) Importer(2089858483,0ecaa5967403d082aa24f35e1b516d23)
Start importing Assets/Samples/XR Interaction Toolkit/2.5.4/Starter Assets/DemoSceneAssets/Prefabs/Interactables/Interaction Affordance.prefab using Guid(eb9104ef66b7305468adb3697fdeed5e) Importer(2089858483,0ecaa5967403d082aa24f35e1b516d23) (ScriptedImporter)Generated GUIDs only implemented for interfaces!
 -> (artifact id: 'cef93a2aed5b1a778e7a537e3256c1d2') in 0.0152862 seconds
Number of updated asset objects reloaded before import = 0Number of asset objects unloaded after import = 10

========================================================================
Received Import Request.
  Time since last request: 0.000017 seconds.
  path: Assets/FastMesh
  artifactKey: Guid(a85a56e88e9988048a0f2a528850412e) Importer(2089858483,0ecaa5967403d082aa24f35e1b516d23)
Start importing Assets/FastMesh using Guid(a85a56e88e9988048a0f2a528850412e) Importer(2089858483,0ecaa5967403d082aa24f35e1b516d23) (ScriptedImporter)Generated GUIDs only implemented for interfaces!
 -> (artifact id: '67207313ec1db0593c84c0734c7f09bb') in 0.0056872 seconds
Number of updated asset objects reloaded before import = 0Number of asset objects unloaded after import = 1

========================================================================
Received Import Request.
  Time since last request: 0.000151 seconds.
  path: Assets/MobileARTemplateAssets/Prefabs/Park/1_Park_Bench.prefab
  artifactKey: Guid(05dc499abf8344636a806463427e3ccb) Importer(2089858483,0ecaa5967403d082aa24f35e1b516d23)
Start importing Assets/MobileARTemplateAssets/Prefabs/Park/1_Park_Bench.prefab using Guid(05dc499abf8344636a806463427e3ccb) Importer(2089858483,0ecaa5967403d082aa24f35e1b516d23) (ScriptedImporter)Generated GUIDs only implemented for interfaces!
 -> (artifact id: '4417d755de47c0ffc354b2c54b96761e') in 0.0319613 seconds
Number of updated asset objects reloaded before import = 0Number of asset objects unloaded after import = 25

========================================================================
Received Import Request.
  Time since last request: 0.000022 seconds.
  path: Assets/FastMesh/Materials/Black.mat
  artifactKey: Guid(1f4cdad4883c4d345b9525bf0a2da3e9) Importer(2089858483,0ecaa5967403d082aa24f35e1b516d23)
Start importing Assets/FastMesh/Materials/Black.mat using Guid(1f4cdad4883c4d345b9525bf0a2da3e9) Importer(2089858483,0ecaa5967403d082aa24f35e1b516d23) (ScriptedImporter)Generated GUIDs only implemented for interfaces!
 -> (artifact id: 'ab2a0c1f091cf1fc0a3b0248e88d38e5') in 0.0068117 seconds
Number of updated asset objects reloaded before import = 0Number of asset objects unloaded after import = 2

========================================================================
Received Import Request.
  Time since last request: 0.000041 seconds.
  path: Assets/MobileARTemplateAssets/AffordanceThemes/TemplateColorAffordanceTheme.asset
  artifactKey: Guid(1e7f6f70c50e3864789127de6b014097) Importer(2089858483,0ecaa5967403d082aa24f35e1b516d23)
Start importing Assets/MobileARTemplateAssets/AffordanceThemes/TemplateColorAffordanceTheme.asset using Guid(1e7f6f70c50e3864789127de6b014097) Importer(2089858483,0ecaa5967403d082aa24f35e1b516d23) (ScriptedImporter)Generated GUIDs only implemented for interfaces!
 -> (artifact id: '9bc3963ddb93f9a257fcc1b9140713f2') in 0.0191265 seconds
Number of updated asset objects reloaded before import = 0Number of asset objects unloaded after import = 1

========================================================================
Received Import Request.
  Time since last request: 0.000054 seconds.
  path: Assets/MobileARTemplateAssets/Prefabs/Park
  artifactKey: Guid(785f1e5de6627d74cbff034cd6489976) Importer(2089858483,0ecaa5967403d082aa24f35e1b516d23)
Start importing Assets/MobileARTemplateAssets/Prefabs/Park using Guid(785f1e5de6627d74cbff034cd6489976) Importer(2089858483,0ecaa5967403d082aa24f35e1b516d23) (ScriptedImporter)Generated GUIDs only implemented for interfaces!
 -> (artifact id: '5492a12bfb2745a87e573a4faec4dcbc') in 0.0046466 seconds
Number of updated asset objects reloaded before import = 0Number of asset objects unloaded after import = 1

========================================================================
Received Import Request.
  Time since last request: 0.000103 seconds.
  path: Assets/FastMesh/Meshs/Park/Park-Bench1.fbx
  artifactKey: Guid(debfe07b15b53c44bb7f1637929e481f) Importer(2089858483,0ecaa5967403d082aa24f35e1b516d23)
Start importing Assets/FastMesh/Meshs/Park/Park-Bench1.fbx using Guid(debfe07b15b53c44bb7f1637929e481f) Importer(2089858483,0ecaa5967403d082aa24f35e1b516d23) (ScriptedImporter)Generated GUIDs only implemented for interfaces!
 -> (artifact id: 'b20e06d5368f55e1e818571ed1a5d1d3') in 0.0193258 seconds
Number of updated asset objects reloaded before import = 0Number of asset objects unloaded after import = 14

========================================================================
Received Import Request.
  Time since last request: 0.000018 seconds.
  path: Assets/MobileARTemplateAssets/AffordanceThemes
  artifactKey: Guid(b88d97effcb116e44a764f5ab02363b5) Importer(2089858483,0ecaa5967403d082aa24f35e1b516d23)
Start importing Assets/MobileARTemplateAssets/AffordanceThemes using Guid(b88d97effcb116e44a764f5ab02363b5) Importer(2089858483,0ecaa5967403d082aa24f35e1b516d23) (ScriptedImporter)Generated GUIDs only implemented for interfaces!
 -> (artifact id: 'f89475a7e078e35ee4864d434cf324c0') in 0.0053939 seconds
Number of updated asset objects reloaded before import = 0Number of asset objects unloaded after import = 1

========================================================================
Received Import Request.
  Time since last request: 0.000116 seconds.
  path: Assets/Samples/XR Interaction Toolkit/2.5.4/Starter Assets/DemoSceneAssets/AffordanceThemes/InteractionColorAffordanceTheme.asset
  artifactKey: Guid(3ec238cb3e80e274c844d7b56f585392) Importer(2089858483,0ecaa5967403d082aa24f35e1b516d23)
Start importing Assets/Samples/XR Interaction Toolkit/2.5.4/Starter Assets/DemoSceneAssets/AffordanceThemes/InteractionColorAffordanceTheme.asset using Guid(3ec238cb3e80e274c844d7b56f585392) Importer(2089858483,0ecaa5967403d082aa24f35e1b516d23) (ScriptedImporter)Generated GUIDs only implemented for interfaces!
 -> (artifact id: 'f6355228a2af6e1f16cb47f553a49fad') in 0.006092 seconds
Number of updated asset objects reloaded before import = 0Number of asset objects unloaded after import = 1

Editor requested this worker to shutdown with reason: Scaling down because of idle timeout
AssetImportWorker is now disconnected from the server
Process exiting
Exiting without the bug reporter. Application will terminate with return code 0