Using pre-set license
Built from '2023.2/staging' branch; Version is '2023.2.3f1 (21747dafc6ee) revision 2192509'; Using compiler version '193431935'; Build Type 'Release'
OS: 'Windows 11  (10.0.22631) 64bit Core' Language: 'en' Physical Memory: 16068 MB
BatchMode: 1, IsHumanControllingUs: 0, StartBugReporterOnCrash: 0, Is64bit: 1, IsPro: 1

COMMAND LINE ARGUMENTS:
C:\Program Files\Unity\Hub\Editor\2023.2.3f1\Editor\Unity.exe
-adb2
-batchMode
-noUpm
-name
AssetImportWorker6
-projectPath
C:/Users/Jodie/Documents/project/AR/newtest/ARCloudAnchors/ARCloudAnchors
-logFile
Logs/AssetImportWorker6.log
-srvPort
58412
-job-worker-count
9
-background-job-worker-count
8
-asset-garbage-collectors
1
Successfully changed project path to: C:/Users/Jodie/Documents/project/AR/newtest/ARCloudAnchors/ARCloudAnchors
C:/Users/Jodie/Documents/project/AR/newtest/ARCloudAnchors/ARCloudAnchors
[UnityMemory] Configuration Parameters - Can be set up in boot.config
    "memorysetup-bucket-allocator-granularity=16"
    "memorysetup-bucket-allocator-bucket-count=8"
    "memorysetup-bucket-allocator-block-size=33554432"
    "memorysetup-bucket-allocator-block-count=8"
    "memorysetup-main-allocator-block-size=16777216"
    "memorysetup-thread-allocator-block-size=16777216"
    "memorysetup-gfx-main-allocator-block-size=16777216"
    "memorysetup-gfx-thread-allocator-block-size=16777216"
    "memorysetup-cache-allocator-block-size=4194304"
    "memorysetup-typetree-allocator-block-size=2097152"
    "memorysetup-profiler-bucket-allocator-granularity=16"
    "memorysetup-profiler-bucket-allocator-bucket-count=8"
    "memorysetup-profiler-bucket-allocator-block-size=33554432"
    "memorysetup-profiler-bucket-allocator-block-count=8"
    "memorysetup-profiler-allocator-block-size=16777216"
    "memorysetup-profiler-editor-allocator-block-size=1048576"
    "memorysetup-temp-allocator-size-main=16777216"
    "memorysetup-job-temp-allocator-block-size=2097152"
    "memorysetup-job-temp-allocator-block-size-background=1048576"
    "memorysetup-job-temp-allocator-reduction-small-platforms=262144"
    "memorysetup-allocator-temp-initial-block-size-main=262144"
    "memorysetup-allocator-temp-initial-block-size-worker=262144"
    "memorysetup-temp-allocator-size-background-worker=32768"
    "memorysetup-temp-allocator-size-job-worker=262144"
    "memorysetup-temp-allocator-size-preload-manager=33554432"
    "memorysetup-temp-allocator-size-nav-mesh-worker=65536"
    "memorysetup-temp-allocator-size-audio-worker=65536"
    "memorysetup-temp-allocator-size-cloud-worker=32768"
    "memorysetup-temp-allocator-size-gi-baking-worker=262144"
    "memorysetup-temp-allocator-size-gi-baking-worker=262144"
    "memorysetup-temp-allocator-size-gi-baking-worker=262144"
    "memorysetup-temp-allocator-size-gi-baking-worker=262144"
    "memorysetup-temp-allocator-size-gfx=262144"
Player connection [48628] Host "[IP] 192.168.0.34 [Port] 0 [Flags] 2 [Guid] 3532463839 [EditorId] 3532463839 [Version] 1048832 [Id] WindowsEditor(7,DESKTOP-6D8FKOB) [Debug] 1 [PackageName] WindowsEditor [ProjectName] Editor" joined multi-casting on [225.0.0.222:54997]...
Player connection [48628] Host "[IP] 192.168.0.34 [Port] 0 [Flags] 2 [Guid] 3532463839 [EditorId] 3532463839 [Version] 1048832 [Id] WindowsEditor(7,DESKTOP-6D8FKOB) [Debug] 1 [PackageName] WindowsEditor [ProjectName] Editor" joined alternative multi-casting on [225.0.0.222:34997]...
JobSystem: Creating JobQueue using job-worker-count value 9
[Physics::Module] Initialized MultithreadedJobDispatcher with 9 workers.
Library Redirect Path: Library/
Refreshing native plugins compatible for Editor in 4.93 ms, found 7 plugins.
Preloading 0 native plugins for Editor in 0.00 ms.
Initialize engine version: 2023.2.3f1 (21747dafc6ee)
[Subsystems] Discovering subsystems at path C:/Program Files/Unity/Hub/Editor/2023.2.3f1/Editor/Data/Resources/UnitySubsystems
[Subsystems] Discovering subsystems at path C:/Users/Jodie/Documents/project/AR/newtest/ARCloudAnchors/ARCloudAnchors/Assets
GfxDevice: creating device client; kGfxThreadingModeNonThreaded
Direct3D:
    Version:  Direct3D 11.0 [level 11.1]
    Renderer: NVIDIA GeForce RTX 4060 Laptop GPU (ID=0x28e0)
    Vendor:   NVIDIA
    VRAM:     7957 MB
    Driver:   32.0.15.5612
Initialize mono
Mono path[0] = 'C:/Program Files/Unity/Hub/Editor/2023.2.3f1/Editor/Data/Managed'
Mono path[1] = 'C:/Program Files/Unity/Hub/Editor/2023.2.3f1/Editor/Data/MonoBleedingEdge/lib/mono/unityjit-win32'
Mono config path = 'C:/Program Files/Unity/Hub/Editor/2023.2.3f1/Editor/Data/MonoBleedingEdge/etc'
Using monoOptions --debugger-agent=transport=dt_socket,embedding=1,server=y,suspend=n,address=127.0.0.1:56208
Begin MonoManager ReloadAssembly
C:\build\output\Unity-Technologies\mono\mono\metadata\icall.c:1842:
C:\build\output\Unity-Technologies\mono\mono\metadata\icall.c:1842:
C:\build\output\Unity-Technologies\mono\mono\metadata\icall.c:1842:
C:\build\output\Unity-Technologies\mono\mono\metadata\icall.c:1842:
C:\build\output\Unity-Technologies\mono\mono\metadata\icall.c:1842:
C:\build\output\Unity-Technologies\mono\mono\metadata\icall.c:1842:
C:\build\output\Unity-Technologies\mono\mono\metadata\icall.c:1842:
C:\build\output\Unity-Technologies\mono\mono\metadata\icall.c:1842:
C:\build\output\Unity-Technologies\mono\mono\metadata\icall.c:1842:
C:\build\output\Unity-Technologies\mono\mono\metadata\icall.c:1842:
Registering precompiled unity dll's ...
Register platform support module: C:/Program Files/Unity/Hub/Editor/2023.2.3f1/Editor/Data/PlaybackEngines/WindowsStandaloneSupport/UnityEditor.WindowsStandalone.Extensions.dll
Register platform support module: C:/Program Files/Unity/Hub/Editor/2023.2.3f1/Editor/Data/PlaybackEngines/AndroidPlayer/UnityEditor.Android.Extensions.dll
Register platform support module: C:/Program Files/Unity/Hub/Editor/2023.2.3f1/Editor/Data/PlaybackEngines/iOSSupport/UnityEditor.iOS.Extensions.dll
Registered in 0.002976 seconds.
- Loaded All Assemblies, in  0.264 seconds
[usbmuxd] Start listen thread
[usbmuxd] Listen thread started
Native extension for iOS target not found
Native extension for Android target not found
Android Extension - Scanning For ADB Devices 304 ms
Native extension for WindowsStandalone target not found
Mono: successfully reloaded assembly
C:\build\output\Unity-Technologies\mono\mono\metadata\icall.c:1842:
C:\build\output\Unity-Technologies\mono\mono\metadata\icall.c:1842:
- Finished resetting the current domain, in  0.566 seconds
Domain Reload Profiling: 829ms
	BeginReloadAssembly (86ms)
		ExecutionOrderSort (0ms)
		DisableScriptedObjects (0ms)
		BackupInstance (0ms)
		ReleaseScriptingObjects (0ms)
		CreateAndSetChildDomain (1ms)
	RebuildCommonClasses (24ms)
	RebuildNativeTypeToScriptingClass (8ms)
	initialDomainReloadingComplete (34ms)
	LoadAllAssembliesAndSetupDomain (111ms)
		LoadAssemblies (85ms)
		RebuildTransferFunctionScriptingTraits (0ms)
		AnalyzeDomain (108ms)
			TypeCache.Refresh (107ms)
				TypeCache.ScanAssembly (98ms)
			BuildScriptInfoCaches (0ms)
			ResolveRequiredComponents (0ms)
	FinalizeReload (566ms)
		ReleaseScriptCaches (0ms)
		RebuildScriptCaches (0ms)
		SetupLoadedEditorAssemblies (525ms)
			LogAssemblyErrors (0ms)
			InitializePlatformSupportModulesInManaged (395ms)
			SetLoadedEditorAssemblies (2ms)
			BeforeProcessingInitializeOnLoad (5ms)
			ProcessInitializeOnLoadAttributes (91ms)
			ProcessInitializeOnLoadMethodAttributes (32ms)
			AfterProcessingInitializeOnLoad (0ms)
			EditorAssembliesLoaded (0ms)
		ExecutionOrderSort2 (0ms)
		AwakeInstancesAfterBackupRestoration (0ms)
========================================================================
Worker process is ready to serve import requests
Import Worker Mode flag is 0x00
Begin MonoManager ReloadAssembly
C:\build\output\Unity-Technologies\mono\mono\metadata\icall.c:1842:
C:\build\output\Unity-Technologies\mono\mono\metadata\icall.c:1842:
C:\build\output\Unity-Technologies\mono\mono\metadata\icall.c:1842:
C:\build\output\Unity-Technologies\mono\mono\metadata\icall.c:1842:
C:\build\output\Unity-Technologies\mono\mono\metadata\icall.c:1842:
C:\build\output\Unity-Technologies\mono\mono\metadata\icall.c:1842:
C:\build\output\Unity-Technologies\mono\mono\metadata\icall.c:1842:
C:\build\output\Unity-Technologies\mono\mono\metadata\icall.c:1842:
C:\build\output\Unity-Technologies\mono\mono\metadata\icall.c:1842:
C:\build\output\Unity-Technologies\mono\mono\metadata\icall.c:1842:
C:\build\output\Unity-Technologies\mono\mono\metadata\icall.c:1842:
C:\build\output\Unity-Technologies\mono\mono\metadata\icall.c:1842:
Symbol file LoadedFromMemory is not a mono symbol file
- Loaded All Assemblies, in  0.733 seconds
Refreshing native plugins compatible for Editor in 4.09 ms, found 7 plugins.
Native extension for iOS target not found
Native extension for Android target not found
Native extension for WindowsStandalone target not found
Package Manager log level set to [2]
[Package Manager] Failed to launch server process. Reason: Unity was launched with the -noUpm command-line argument
[Package Manager] Unable to send message (not connected to server process).
[Package Manager] Cannot connect to Unity Package Manager local server
Mono: successfully reloaded assembly
[Package Manager] Failed to launch server process. Reason: Unity was launched with the -noUpm command-line argument
[Package Manager] Unable to send message (not connected to server process).
[Package Manager] Cannot connect to Unity Package Manager local server
[Package Manager] Failed to launch server process. Reason: Unity was launched with the -noUpm command-line argument
[Package Manager] Unable to send message (not connected to server process).
[Package Manager] Cannot connect to Unity Package Manager local server
- Finished resetting the current domain, in  0.755 seconds
Domain Reload Profiling: 1483ms
	BeginReloadAssembly (221ms)
		ExecutionOrderSort (0ms)
		DisableScriptedObjects (5ms)
		BackupInstance (0ms)
		ReleaseScriptingObjects (0ms)
		CreateAndSetChildDomain (22ms)
	RebuildCommonClasses (23ms)
	RebuildNativeTypeToScriptingClass (8ms)
	initialDomainReloadingComplete (28ms)
	LoadAllAssembliesAndSetupDomain (447ms)
		LoadAssemblies (325ms)
		RebuildTransferFunctionScriptingTraits (0ms)
		AnalyzeDomain (186ms)
			TypeCache.Refresh (147ms)
				TypeCache.ScanAssembly (131ms)
			BuildScriptInfoCaches (28ms)
			ResolveRequiredComponents (9ms)
	FinalizeReload (755ms)
		ReleaseScriptCaches (0ms)
		RebuildScriptCaches (0ms)
		SetupLoadedEditorAssemblies (523ms)
			LogAssemblyErrors (0ms)
			InitializePlatformSupportModulesInManaged (16ms)
			SetLoadedEditorAssemblies (6ms)
			BeforeProcessingInitializeOnLoad (50ms)
			ProcessInitializeOnLoadAttributes (401ms)
			ProcessInitializeOnLoadMethodAttributes (47ms)
			AfterProcessingInitializeOnLoad (3ms)
			EditorAssembliesLoaded (0ms)
		ExecutionOrderSort2 (0ms)
		AwakeInstancesAfterBackupRestoration (5ms)
Launched and connected shader compiler UnityShaderCompiler.exe after 0.01 seconds
Refreshing native plugins compatible for Editor in 4.16 ms, found 7 plugins.
Preloading 0 native plugins for Editor in 0.00 ms.
Unloading 266 Unused Serialized files (Serialized files now loaded: 0)
Unloading 6344 unused Assets / (15.5 MB). Loaded Objects now: 6810.
Memory consumption went from 196.0 MB to 180.5 MB.
Total: 8.988500 ms (FindLiveObjects: 0.421600 ms CreateObjectMapping: 0.253800 ms MarkObjects: 3.153100 ms  DeleteObjects: 5.157800 ms)

========================================================================
Received Prepare
Refreshing native plugins compatible for Editor in 4.73 ms, found 7 plugins.
Preloading 0 native plugins for Editor in 0.00 ms.
Unloading 97 Unused Serialized files (Serialized files now loaded: 0)
Unloading 6235 unused Assets / (15.1 MB). Loaded Objects now: 6806.
Memory consumption went from 176.6 MB to 161.5 MB.
Total: 9.234900 ms (FindLiveObjects: 0.442300 ms CreateObjectMapping: 0.291700 ms MarkObjects: 3.236800 ms  DeleteObjects: 5.262300 ms)

Prepare: number of updated asset objects reloaded= 0
========================================================================
Received Prepare
Refreshing native plugins compatible for Editor in 4.31 ms, found 7 plugins.
Preloading 0 native plugins for Editor in 0.00 ms.
Unloading 95 Unused Serialized files (Serialized files now loaded: 0)
Unloading 6235 unused Assets / (15.4 MB). Loaded Objects now: 6806.
Memory consumption went from 176.1 MB to 160.8 MB.
Total: 9.576900 ms (FindLiveObjects: 0.498200 ms CreateObjectMapping: 0.362000 ms MarkObjects: 3.272200 ms  DeleteObjects: 5.443000 ms)

Prepare: number of updated asset objects reloaded= 0
========================================================================
Received Import Request.
  Time since last request: 252912.312588 seconds.
  path: Assets/Samples/XR Interaction Toolkit/2.5.4/Starter Assets/DemoSceneAssets/Prefabs/Interactables/Interactable Kinematic Torus.prefab
  artifactKey: Guid(521327bdbcb341f782d36f02cab76cb0) Importer(815301076,1909f56bfc062723c751e8b465ee728b)
Start importing Assets/Samples/XR Interaction Toolkit/2.5.4/Starter Assets/DemoSceneAssets/Prefabs/Interactables/Interactable Kinematic Torus.prefab using Guid(521327bdbcb341f782d36f02cab76cb0) Importer(815301076,1909f56bfc062723c751e8b465ee728b) (PreviewImporter) -> (artifact id: '5c30f2e39c9209ca20b9693e8fc940d6') in 0.3111074 seconds
Number of updated asset objects reloaded before import = 0Number of asset objects unloaded after import = 77

========================================================================
Received Import Request.
  Time since last request: 70.058910 seconds.
  path: Assets/MobileARTemplateAssets/Prefabs/Park/1_Park_Bench.prefab
  artifactKey: Guid(05dc499abf8344636a806463427e3ccb) Importer(2089858483,0ecaa5967403d082aa24f35e1b516d23)
Start importing Assets/MobileARTemplateAssets/Prefabs/Park/1_Park_Bench.prefab using Guid(05dc499abf8344636a806463427e3ccb) Importer(2089858483,0ecaa5967403d082aa24f35e1b516d23) (ScriptedImporter)Generated GUIDs only implemented for interfaces!
 -> (artifact id: '1a1e4274ef4fa39ea8139c03b1e9770e') in 0.1414489 seconds
Number of updated asset objects reloaded before import = 0Number of asset objects unloaded after import = 27

========================================================================
Received Import Request.
  Time since last request: 9.428979 seconds.
  path: Packages/com.unity.xr.interaction.toolkit/Runtime/Interaction/Transformers/ARTransformer.cs
  artifactKey: Guid(b309761041ee54265b7f9a8c0f373dab) Importer(815301076,1909f56bfc062723c751e8b465ee728b)
Start importing Packages/com.unity.xr.interaction.toolkit/Runtime/Interaction/Transformers/ARTransformer.cs using Guid(b309761041ee54265b7f9a8c0f373dab) Importer(815301076,1909f56bfc062723c751e8b465ee728b) (PreviewImporter) -> (artifact id: '6af29be5273e9b2004b76bd548bb18a5') in 0.0006476 seconds
Number of updated asset objects reloaded before import = 0Number of asset objects unloaded after import = 0

========================================================================
Received Import Request.
  Time since last request: 18.241490 seconds.
  path: Assets/MobileARTemplateAssets/Prefabs/Park/1_Park_Bench.prefab
  artifactKey: Guid(05dc499abf8344636a806463427e3ccb) Importer(2089858483,0ecaa5967403d082aa24f35e1b516d23)
Start importing Assets/MobileARTemplateAssets/Prefabs/Park/1_Park_Bench.prefab using Guid(05dc499abf8344636a806463427e3ccb) Importer(2089858483,0ecaa5967403d082aa24f35e1b516d23) (ScriptedImporter)Generated GUIDs only implemented for interfaces!
 -> (artifact id: '87c865932d290c624513fac8f7f5a4b1') in 0.0080516 seconds
Number of updated asset objects reloaded before import = 0Number of asset objects unloaded after import = 28

========================================================================
Received Prepare
Refreshing native plugins compatible for Editor in 5.45 ms, found 7 plugins.
Preloading 0 native plugins for Editor in 0.00 ms.
Unloading 95 Unused Serialized files (Serialized files now loaded: 0)
Unloading 6230 unused Assets / (14.7 MB). Loaded Objects now: 6911.
Memory consumption went from 178.7 MB to 164.0 MB.
Total: 11.596800 ms (FindLiveObjects: 0.532600 ms CreateObjectMapping: 0.282900 ms MarkObjects: 5.114800 ms  DeleteObjects: 5.665100 ms)

Prepare: number of updated asset objects reloaded= 0
========================================================================
Received Prepare
Refreshing native plugins compatible for Editor in 5.09 ms, found 7 plugins.
Preloading 0 native plugins for Editor in 0.00 ms.
Unloading 90 Unused Serialized files (Serialized files now loaded: 0)
Unloading 6230 unused Assets / (14.6 MB). Loaded Objects now: 6911.
Memory consumption went from 177.5 MB to 162.9 MB.
Total: 18.009500 ms (FindLiveObjects: 0.500600 ms CreateObjectMapping: 0.319300 ms MarkObjects: 4.670800 ms  DeleteObjects: 12.515900 ms)

Prepare: number of updated asset objects reloaded= 0
========================================================================
Received Import Request.
  Time since last request: 320.454567 seconds.
  path: Assets/MobileARTemplateAssets/Prefabs/Park/1_Park_Bench.prefab
  artifactKey: Guid(05dc499abf8344636a806463427e3ccb) Importer(815301076,1909f56bfc062723c751e8b465ee728b)
Start importing Assets/MobileARTemplateAssets/Prefabs/Park/1_Park_Bench.prefab using Guid(05dc499abf8344636a806463427e3ccb) Importer(815301076,1909f56bfc062723c751e8b465ee728b) (PreviewImporter) -> (artifact id: '1905f43e0f3f1f82ef3c509da7c819af') in 0.0225308 seconds
Number of updated asset objects reloaded before import = 0Number of asset objects unloaded after import = 62

========================================================================
Received Import Request.
  Time since last request: 27.085061 seconds.
  path: Assets/MobileARTemplateAssets/Prefabs/Park/1_Park_Bench.prefab
  artifactKey: Guid(05dc499abf8344636a806463427e3ccb) Importer(2089858483,0ecaa5967403d082aa24f35e1b516d23)
Start importing Assets/MobileARTemplateAssets/Prefabs/Park/1_Park_Bench.prefab using Guid(05dc499abf8344636a806463427e3ccb) Importer(2089858483,0ecaa5967403d082aa24f35e1b516d23) (ScriptedImporter)Generated GUIDs only implemented for interfaces!
 -> (artifact id: '5cd68d980b70b5a131e385061a6cbed3') in 0.0129791 seconds
Number of updated asset objects reloaded before import = 0Number of asset objects unloaded after import = 30

========================================================================
Received Import Request.
  Time since last request: 10.971717 seconds.
  path: Assets/MobileARTemplateAssets/Prefabs/Park/1_Park_Bench.prefab
  artifactKey: Guid(05dc499abf8344636a806463427e3ccb) Importer(2089858483,0ecaa5967403d082aa24f35e1b516d23)
Start importing Assets/MobileARTemplateAssets/Prefabs/Park/1_Park_Bench.prefab using Guid(05dc499abf8344636a806463427e3ccb) Importer(2089858483,0ecaa5967403d082aa24f35e1b516d23) (ScriptedImporter)Generated GUIDs only implemented for interfaces!
 -> (artifact id: 'd26ef43127d5c54ae52e66f64959956a') in 0.0168012 seconds
Number of updated asset objects reloaded before import = 0Number of asset objects unloaded after import = 31

========================================================================
Received Prepare
Refreshing native plugins compatible for Editor in 6.34 ms, found 7 plugins.
Preloading 0 native plugins for Editor in 0.00 ms.
Unloading 90 Unused Serialized files (Serialized files now loaded: 0)
Unloading 6230 unused Assets / (8.8 MB). Loaded Objects now: 6911.
Memory consumption went from 177.4 MB to 168.7 MB.
Total: 12.578700 ms (FindLiveObjects: 0.495300 ms CreateObjectMapping: 0.407600 ms MarkObjects: 6.552000 ms  DeleteObjects: 5.122100 ms)

Prepare: number of updated asset objects reloaded= 0
========================================================================
Received Prepare
Refreshing native plugins compatible for Editor in 4.33 ms, found 7 plugins.
Preloading 0 native plugins for Editor in 0.00 ms.
Unloading 90 Unused Serialized files (Serialized files now loaded: 0)
Unloading 6230 unused Assets / (14.7 MB). Loaded Objects now: 6911.
Memory consumption went from 177.5 MB to 162.8 MB.
Total: 10.192000 ms (FindLiveObjects: 0.454000 ms CreateObjectMapping: 0.288700 ms MarkObjects: 4.063000 ms  DeleteObjects: 5.385100 ms)

Prepare: number of updated asset objects reloaded= 0
========================================================================
Received Import Request.
  Time since last request: 149.404701 seconds.
  path: Assets/MobileARTemplateAssets/Prefabs/Park/1_Park_Bench.prefab
  artifactKey: Guid(05dc499abf8344636a806463427e3ccb) Importer(815301076,1909f56bfc062723c751e8b465ee728b)
Start importing Assets/MobileARTemplateAssets/Prefabs/Park/1_Park_Bench.prefab using Guid(05dc499abf8344636a806463427e3ccb) Importer(815301076,1909f56bfc062723c751e8b465ee728b) (PreviewImporter) -> (artifact id: '2e8c89bf883ed91d45d887b06400c00a') in 0.1577963 seconds
Number of updated asset objects reloaded before import = 0Number of asset objects unloaded after import = 65

========================================================================
Received Import Request.
  Time since last request: 212.103751 seconds.
  path: Assets/MobileARTemplateAssets/Prefabs/Park/1_Park_Bench.prefab
  artifactKey: Guid(05dc499abf8344636a806463427e3ccb) Importer(2089858483,0ecaa5967403d082aa24f35e1b516d23)
Start importing Assets/MobileARTemplateAssets/Prefabs/Park/1_Park_Bench.prefab using Guid(05dc499abf8344636a806463427e3ccb) Importer(2089858483,0ecaa5967403d082aa24f35e1b516d23) (ScriptedImporter)Generated GUIDs only implemented for interfaces!
 -> (artifact id: '2afab82342751d965b5d00d438373ca9') in 0.0148496 seconds
Number of updated asset objects reloaded before import = 0Number of asset objects unloaded after import = 52

========================================================================
Received Prepare
Refreshing native plugins compatible for Editor in 5.81 ms, found 7 plugins.
Preloading 0 native plugins for Editor in 0.00 ms.
Unloading 90 Unused Serialized files (Serialized files now loaded: 0)
Unloading 6230 unused Assets / (14.8 MB). Loaded Objects now: 6911.
Memory consumption went from 177.5 MB to 162.7 MB.
Total: 17.761500 ms (FindLiveObjects: 0.624400 ms CreateObjectMapping: 0.573000 ms MarkObjects: 6.248200 ms  DeleteObjects: 10.311700 ms)

Prepare: number of updated asset objects reloaded= 0
========================================================================
Received Prepare
Refreshing native plugins compatible for Editor in 4.06 ms, found 7 plugins.
Preloading 0 native plugins for Editor in 0.00 ms.
Unloading 90 Unused Serialized files (Serialized files now loaded: 0)
Unloading 6230 unused Assets / (14.5 MB). Loaded Objects now: 6911.
Memory consumption went from 177.5 MB to 163.0 MB.
Total: 14.795700 ms (FindLiveObjects: 0.440000 ms CreateObjectMapping: 0.270800 ms MarkObjects: 8.483900 ms  DeleteObjects: 5.599100 ms)

Prepare: number of updated asset objects reloaded= 0
========================================================================
Received Import Request.
  Time since last request: 102.289537 seconds.
  path: Assets/MobileARTemplateAssets/Prefabs/Park/1_Park_Bench.prefab
  artifactKey: Guid(05dc499abf8344636a806463427e3ccb) Importer(815301076,1909f56bfc062723c751e8b465ee728b)
Start importing Assets/MobileARTemplateAssets/Prefabs/Park/1_Park_Bench.prefab using Guid(05dc499abf8344636a806463427e3ccb) Importer(815301076,1909f56bfc062723c751e8b465ee728b) (PreviewImporter) -> (artifact id: '5b38b0f0f241de7e399a72fbe0fa61cd') in 0.0499942 seconds
Number of updated asset objects reloaded before import = 0Number of asset objects unloaded after import = 110

========================================================================
Received Import Request.
  Time since last request: 6.925921 seconds.
  path: Assets/MobileARTemplateAssets/Prefabs/Park/1_Park_Bench.prefab
  artifactKey: Guid(05dc499abf8344636a806463427e3ccb) Importer(815301076,1909f56bfc062723c751e8b465ee728b)
Start importing Assets/MobileARTemplateAssets/Prefabs/Park/1_Park_Bench.prefab using Guid(05dc499abf8344636a806463427e3ccb) Importer(815301076,1909f56bfc062723c751e8b465ee728b) (PreviewImporter) -> (artifact id: '41090a054a6181a48e9bee7946a4d8b2') in 0.0416311 seconds
Number of updated asset objects reloaded before import = 0Number of asset objects unloaded after import = 110

========================================================================
Received Import Request.
  Time since last request: 0.937355 seconds.
  path: Assets/MobileARTemplateAssets/Prefabs/Park/1_Park_Bench.prefab
  artifactKey: Guid(05dc499abf8344636a806463427e3ccb) Importer(2089858483,0ecaa5967403d082aa24f35e1b516d23)
Start importing Assets/MobileARTemplateAssets/Prefabs/Park/1_Park_Bench.prefab using Guid(05dc499abf8344636a806463427e3ccb) Importer(2089858483,0ecaa5967403d082aa24f35e1b516d23) (ScriptedImporter)Generated GUIDs only implemented for interfaces!
 -> (artifact id: 'de8f1aeaae05a83f4d340ec80cb79657') in 0.0405693 seconds
Number of updated asset objects reloaded before import = 0Number of asset objects unloaded after import = 52

========================================================================
Received Import Request.
  Time since last request: 14.419679 seconds.
  path: Assets/MobileARTemplateAssets/Prefabs/Park/1_Park_Bench.prefab
  artifactKey: Guid(05dc499abf8344636a806463427e3ccb) Importer(815301076,1909f56bfc062723c751e8b465ee728b)
Start importing Assets/MobileARTemplateAssets/Prefabs/Park/1_Park_Bench.prefab using Guid(05dc499abf8344636a806463427e3ccb) Importer(815301076,1909f56bfc062723c751e8b465ee728b) (PreviewImporter) -> (artifact id: '09ee8f5772a7a232ebdbca9d0917d6bd') in 0.0178069 seconds
Number of updated asset objects reloaded before import = 0Number of asset objects unloaded after import = 110

========================================================================
Received Import Request.
  Time since last request: 0.960466 seconds.
  path: Assets/MobileARTemplateAssets/Prefabs/Park/1_Park_Bench.prefab
  artifactKey: Guid(05dc499abf8344636a806463427e3ccb) Importer(2089858483,0ecaa5967403d082aa24f35e1b516d23)
Start importing Assets/MobileARTemplateAssets/Prefabs/Park/1_Park_Bench.prefab using Guid(05dc499abf8344636a806463427e3ccb) Importer(2089858483,0ecaa5967403d082aa24f35e1b516d23) (ScriptedImporter)Generated GUIDs only implemented for interfaces!
 -> (artifact id: 'a277e5493a5418e1319d44fafc16a864') in 0.0092795 seconds
Number of updated asset objects reloaded before import = 0Number of asset objects unloaded after import = 52

========================================================================
Received Import Request.
  Time since last request: 0.211325 seconds.
  path: Assets/MobileARTemplateAssets/Prefabs/Park/1_Park_Bench.prefab
  artifactKey: Guid(05dc499abf8344636a806463427e3ccb) Importer(815301076,1909f56bfc062723c751e8b465ee728b)
Start importing Assets/MobileARTemplateAssets/Prefabs/Park/1_Park_Bench.prefab using Guid(05dc499abf8344636a806463427e3ccb) Importer(815301076,1909f56bfc062723c751e8b465ee728b) (PreviewImporter) -> (artifact id: 'b47f4f50993dbd1bcfa974bad05efa95') in 0.01904 seconds
Number of updated asset objects reloaded before import = 0Number of asset objects unloaded after import = 110

========================================================================
Received Import Request.
  Time since last request: 2.821312 seconds.
  path: Assets/MobileARTemplateAssets/Prefabs/Park/1_Park_Bench.prefab
  artifactKey: Guid(05dc499abf8344636a806463427e3ccb) Importer(815301076,1909f56bfc062723c751e8b465ee728b)
Start importing Assets/MobileARTemplateAssets/Prefabs/Park/1_Park_Bench.prefab using Guid(05dc499abf8344636a806463427e3ccb) Importer(815301076,1909f56bfc062723c751e8b465ee728b) (PreviewImporter) -> (artifact id: '19b5a980e5fbf952c1bafc3d3586dd0a') in 0.0593978 seconds
Number of updated asset objects reloaded before import = 0Number of asset objects unloaded after import = 110

========================================================================
Received Prepare
Refreshing native plugins compatible for Editor in 4.31 ms, found 7 plugins.
Preloading 0 native plugins for Editor in 0.00 ms.
Unloading 90 Unused Serialized files (Serialized files now loaded: 0)
Unloading 6230 unused Assets / (14.8 MB). Loaded Objects now: 6911.
Memory consumption went from 177.6 MB to 162.8 MB.
Total: 14.641300 ms (FindLiveObjects: 0.512200 ms CreateObjectMapping: 0.309400 ms MarkObjects: 6.484000 ms  DeleteObjects: 7.333900 ms)

Prepare: number of updated asset objects reloaded= 0
========================================================================
Received Prepare
Refreshing native plugins compatible for Editor in 3.98 ms, found 7 plugins.
Preloading 0 native plugins for Editor in 0.00 ms.
Unloading 90 Unused Serialized files (Serialized files now loaded: 0)
Unloading 6230 unused Assets / (14.7 MB). Loaded Objects now: 6911.
Memory consumption went from 177.5 MB to 162.9 MB.
Total: 11.237200 ms (FindLiveObjects: 0.431900 ms CreateObjectMapping: 0.286000 ms MarkObjects: 4.553100 ms  DeleteObjects: 5.963700 ms)

Prepare: number of updated asset objects reloaded= 0
========================================================================
Received Import Request.
  Time since last request: 37.491722 seconds.
  path: Assets/MobileARTemplateAssets/Prefabs/Park/1_Park_Bench.prefab
  artifactKey: Guid(05dc499abf8344636a806463427e3ccb) Importer(2089858483,0ecaa5967403d082aa24f35e1b516d23)
Start importing Assets/MobileARTemplateAssets/Prefabs/Park/1_Park_Bench.prefab using Guid(05dc499abf8344636a806463427e3ccb) Importer(2089858483,0ecaa5967403d082aa24f35e1b516d23) (ScriptedImporter)Generated GUIDs only implemented for interfaces!
 -> (artifact id: 'b1d949ad30bc16b662ac0fbaf260173f') in 0.0149409 seconds
Number of updated asset objects reloaded before import = 0Number of asset objects unloaded after import = 52

========================================================================
Received Import Request.
  Time since last request: 341.165187 seconds.
  path: Assets/MobileARTemplateAssets/Prefabs/Park/1_Park_Bench.prefab
  artifactKey: Guid(05dc499abf8344636a806463427e3ccb) Importer(815301076,1909f56bfc062723c751e8b465ee728b)
Start importing Assets/MobileARTemplateAssets/Prefabs/Park/1_Park_Bench.prefab using Guid(05dc499abf8344636a806463427e3ccb) Importer(815301076,1909f56bfc062723c751e8b465ee728b) (PreviewImporter) -> (artifact id: '451bf9f3c7fed69942ee30af833d3037') in 0.031569 seconds
Number of updated asset objects reloaded before import = 0Number of asset objects unloaded after import = 110

========================================================================
Received Import Request.
  Time since last request: 0.944946 seconds.
  path: Assets/MobileARTemplateAssets/Prefabs/Park/1_Park_Bench.prefab
  artifactKey: Guid(05dc499abf8344636a806463427e3ccb) Importer(2089858483,0ecaa5967403d082aa24f35e1b516d23)
Start importing Assets/MobileARTemplateAssets/Prefabs/Park/1_Park_Bench.prefab using Guid(05dc499abf8344636a806463427e3ccb) Importer(2089858483,0ecaa5967403d082aa24f35e1b516d23) (ScriptedImporter)Generated GUIDs only implemented for interfaces!
 -> (artifact id: '5ddfaa34789dd925bd4cc47e34d2c37b') in 0.0111103 seconds
Number of updated asset objects reloaded before import = 0Number of asset objects unloaded after import = 52

========================================================================
Received Import Request.
  Time since last request: 2.437967 seconds.
  path: Assets/MobileARTemplateAssets/Prefabs/Park/1_Park_Bench.prefab
  artifactKey: Guid(05dc499abf8344636a806463427e3ccb) Importer(815301076,1909f56bfc062723c751e8b465ee728b)
Start importing Assets/MobileARTemplateAssets/Prefabs/Park/1_Park_Bench.prefab using Guid(05dc499abf8344636a806463427e3ccb) Importer(815301076,1909f56bfc062723c751e8b465ee728b) (PreviewImporter) -> (artifact id: 'd9e29ec8abc18708e45fa13aa1c6d67a') in 0.0255694 seconds
Number of updated asset objects reloaded before import = 0Number of asset objects unloaded after import = 110

========================================================================
Received Import Request.
  Time since last request: 0.950516 seconds.
  path: Assets/MobileARTemplateAssets/Prefabs/Park/1_Park_Bench.prefab
  artifactKey: Guid(05dc499abf8344636a806463427e3ccb) Importer(2089858483,0ecaa5967403d082aa24f35e1b516d23)
Start importing Assets/MobileARTemplateAssets/Prefabs/Park/1_Park_Bench.prefab using Guid(05dc499abf8344636a806463427e3ccb) Importer(2089858483,0ecaa5967403d082aa24f35e1b516d23) (ScriptedImporter)Generated GUIDs only implemented for interfaces!
 -> (artifact id: 'c2b07538652df0caa9735c3d0cb35484') in 0.0177217 seconds
Number of updated asset objects reloaded before import = 0Number of asset objects unloaded after import = 52

========================================================================
Received Import Request.
  Time since last request: 4.432165 seconds.
  path: Assets/MobileARTemplateAssets/Prefabs/Park/1_Park_Bench.prefab
  artifactKey: Guid(05dc499abf8344636a806463427e3ccb) Importer(815301076,1909f56bfc062723c751e8b465ee728b)
Start importing Assets/MobileARTemplateAssets/Prefabs/Park/1_Park_Bench.prefab using Guid(05dc499abf8344636a806463427e3ccb) Importer(815301076,1909f56bfc062723c751e8b465ee728b) (PreviewImporter) -> (artifact id: '5f99cc8da8d9e032d4f1039cba9aba2d') in 0.0396278 seconds
Number of updated asset objects reloaded before import = 0Number of asset objects unloaded after import = 110

========================================================================
Received Import Request.
  Time since last request: 0.935397 seconds.
  path: Assets/MobileARTemplateAssets/Prefabs/Park/1_Park_Bench.prefab
  artifactKey: Guid(05dc499abf8344636a806463427e3ccb) Importer(2089858483,0ecaa5967403d082aa24f35e1b516d23)
Start importing Assets/MobileARTemplateAssets/Prefabs/Park/1_Park_Bench.prefab using Guid(05dc499abf8344636a806463427e3ccb) Importer(2089858483,0ecaa5967403d082aa24f35e1b516d23) (ScriptedImporter)Generated GUIDs only implemented for interfaces!
 -> (artifact id: '940fb6001789aae8a49503dff9bd8128') in 0.0098064 seconds
Number of updated asset objects reloaded before import = 0Number of asset objects unloaded after import = 52

========================================================================
Received Import Request.
  Time since last request: 0.812232 seconds.
  path: Assets/MobileARTemplateAssets/Prefabs/Park/1_Park_Bench.prefab
  artifactKey: Guid(05dc499abf8344636a806463427e3ccb) Importer(815301076,1909f56bfc062723c751e8b465ee728b)
Start importing Assets/MobileARTemplateAssets/Prefabs/Park/1_Park_Bench.prefab using Guid(05dc499abf8344636a806463427e3ccb) Importer(815301076,1909f56bfc062723c751e8b465ee728b) (PreviewImporter) -> (artifact id: '14c7be8a3948c122575b7064fcf0c7e3') in 0.0200604 seconds
Number of updated asset objects reloaded before import = 0Number of asset objects unloaded after import = 110

========================================================================
Received Import Request.
  Time since last request: 0.962060 seconds.
  path: Assets/MobileARTemplateAssets/Prefabs/Park/1_Park_Bench.prefab
  artifactKey: Guid(05dc499abf8344636a806463427e3ccb) Importer(2089858483,0ecaa5967403d082aa24f35e1b516d23)
Start importing Assets/MobileARTemplateAssets/Prefabs/Park/1_Park_Bench.prefab using Guid(05dc499abf8344636a806463427e3ccb) Importer(2089858483,0ecaa5967403d082aa24f35e1b516d23) (ScriptedImporter)Generated GUIDs only implemented for interfaces!
 -> (artifact id: '7d08a55ed84e7d042934ce11f70e5e2b') in 0.0074097 seconds
Number of updated asset objects reloaded before import = 0Number of asset objects unloaded after import = 52

========================================================================
Received Import Request.
  Time since last request: 11.918004 seconds.
  path: Assets/MobileARTemplateAssets/Prefabs/Park/1_Park_Bench.prefab
  artifactKey: Guid(05dc499abf8344636a806463427e3ccb) Importer(815301076,1909f56bfc062723c751e8b465ee728b)
Start importing Assets/MobileARTemplateAssets/Prefabs/Park/1_Park_Bench.prefab using Guid(05dc499abf8344636a806463427e3ccb) Importer(815301076,1909f56bfc062723c751e8b465ee728b) (PreviewImporter) -> (artifact id: '9ddb8edca81969c88f55ea76cff552b6') in 0.2617672 seconds
Number of updated asset objects reloaded before import = 0Number of asset objects unloaded after import = 110

========================================================================
Received Import Request.
  Time since last request: 0.715947 seconds.
  path: Assets/MobileARTemplateAssets/Prefabs/Park/1_Park_Bench.prefab
  artifactKey: Guid(05dc499abf8344636a806463427e3ccb) Importer(2089858483,0ecaa5967403d082aa24f35e1b516d23)
Start importing Assets/MobileARTemplateAssets/Prefabs/Park/1_Park_Bench.prefab using Guid(05dc499abf8344636a806463427e3ccb) Importer(2089858483,0ecaa5967403d082aa24f35e1b516d23) (ScriptedImporter)Generated GUIDs only implemented for interfaces!
 -> (artifact id: '2ca1a916fc9c12b05443542eb53d4342') in 0.0079053 seconds
Number of updated asset objects reloaded before import = 0Number of asset objects unloaded after import = 52

========================================================================
Received Prepare
Refreshing native plugins compatible for Editor in 4.14 ms, found 7 plugins.
Preloading 0 native plugins for Editor in 0.00 ms.
Unloading 90 Unused Serialized files (Serialized files now loaded: 0)
Unloading 6230 unused Assets / (14.6 MB). Loaded Objects now: 6911.
Memory consumption went from 177.5 MB to 162.9 MB.
Total: 14.292700 ms (FindLiveObjects: 0.447400 ms CreateObjectMapping: 0.263400 ms MarkObjects: 7.972500 ms  DeleteObjects: 5.607400 ms)

Prepare: number of updated asset objects reloaded= 0
========================================================================
Received Prepare
Refreshing native plugins compatible for Editor in 4.76 ms, found 7 plugins.
Preloading 0 native plugins for Editor in 0.00 ms.
Unloading 90 Unused Serialized files (Serialized files now loaded: 0)
Unloading 6230 unused Assets / (14.6 MB). Loaded Objects now: 6911.
Memory consumption went from 177.6 MB to 163.0 MB.
Total: 10.047400 ms (FindLiveObjects: 0.446800 ms CreateObjectMapping: 0.285700 ms MarkObjects: 4.163300 ms  DeleteObjects: 5.149800 ms)

Prepare: number of updated asset objects reloaded= 0
========================================================================
Received Import Request.
  Time since last request: 633.345893 seconds.
  path: Assets/FastMesh/Materials/Black.mat
  artifactKey: Guid(1f4cdad4883c4d345b9525bf0a2da3e9) Importer(815301076,1909f56bfc062723c751e8b465ee728b)
Start importing Assets/FastMesh/Materials/Black.mat using Guid(1f4cdad4883c4d345b9525bf0a2da3e9) Importer(815301076,1909f56bfc062723c751e8b465ee728b) (PreviewImporter) -> (artifact id: '6c09679dfa49185a21eb40add4514821') in 0.0980741 seconds
Number of updated asset objects reloaded before import = 0Number of asset objects unloaded after import = 23

========================================================================
Received Import Request.
  Time since last request: 27.701390 seconds.
  path: Assets/MobileARTemplateAssets/Prefabs/Park/1_Park_Bench.prefab
  artifactKey: Guid(05dc499abf8344636a806463427e3ccb) Importer(2089858483,0ecaa5967403d082aa24f35e1b516d23)
Start importing Assets/MobileARTemplateAssets/Prefabs/Park/1_Park_Bench.prefab using Guid(05dc499abf8344636a806463427e3ccb) Importer(2089858483,0ecaa5967403d082aa24f35e1b516d23) (ScriptedImporter)Generated GUIDs only implemented for interfaces!
 -> (artifact id: 'd26b64bf3c0e88a0c610e23480e21f36') in 0.0140525 seconds
Number of updated asset objects reloaded before import = 0Number of asset objects unloaded after import = 31

========================================================================
Received Import Request.
  Time since last request: 30.836109 seconds.
  path: Assets/MobileARTemplateAssets/Prefabs/Park/1_Park_Bench.prefab
  artifactKey: Guid(05dc499abf8344636a806463427e3ccb) Importer(815301076,1909f56bfc062723c751e8b465ee728b)
Start importing Assets/MobileARTemplateAssets/Prefabs/Park/1_Park_Bench.prefab using Guid(05dc499abf8344636a806463427e3ccb) Importer(815301076,1909f56bfc062723c751e8b465ee728b) (PreviewImporter) -> (artifact id: 'cfc9e95bc39e65120f10a054b2413b48') in 0.0133411 seconds
Number of updated asset objects reloaded before import = 0Number of asset objects unloaded after import = 64

========================================================================
Received Import Request.
  Time since last request: 180.775956 seconds.
  path: Assets/MobileARTemplateAssets/Prefabs/Park/1_Park_Bench.prefab
  artifactKey: Guid(05dc499abf8344636a806463427e3ccb) Importer(815301076,1909f56bfc062723c751e8b465ee728b)
Start importing Assets/MobileARTemplateAssets/Prefabs/Park/1_Park_Bench.prefab using Guid(05dc499abf8344636a806463427e3ccb) Importer(815301076,1909f56bfc062723c751e8b465ee728b) (PreviewImporter) -> (artifact id: 'e1941b1e9e892165e187e22236e65ccd') in 0.0121254 seconds
Number of updated asset objects reloaded before import = 0Number of asset objects unloaded after import = 64

========================================================================
Received Import Request.
  Time since last request: 1.239061 seconds.
  path: Assets/MobileARTemplateAssets/Prefabs/Park/1_Park_Bench.prefab
  artifactKey: Guid(05dc499abf8344636a806463427e3ccb) Importer(2089858483,0ecaa5967403d082aa24f35e1b516d23)
Start importing Assets/MobileARTemplateAssets/Prefabs/Park/1_Park_Bench.prefab using Guid(05dc499abf8344636a806463427e3ccb) Importer(2089858483,0ecaa5967403d082aa24f35e1b516d23) (ScriptedImporter)Generated GUIDs only implemented for interfaces!
 -> (artifact id: 'c502baabd19ec2198fde5549d638a233') in 0.0229438 seconds
Number of updated asset objects reloaded before import = 0Number of asset objects unloaded after import = 31

========================================================================
Received Import Request.
  Time since last request: 1.824215 seconds.
  path: Assets/MobileARTemplateAssets/Prefabs/Park/1_Park_Bench.prefab
  artifactKey: Guid(05dc499abf8344636a806463427e3ccb) Importer(2089858483,0ecaa5967403d082aa24f35e1b516d23)
Start importing Assets/MobileARTemplateAssets/Prefabs/Park/1_Park_Bench.prefab using Guid(05dc499abf8344636a806463427e3ccb) Importer(2089858483,0ecaa5967403d082aa24f35e1b516d23) (ScriptedImporter)Generated GUIDs only implemented for interfaces!
 -> (artifact id: '32a4b0b4008043ca9270050ad50f7883') in 0.0156022 seconds
Number of updated asset objects reloaded before import = 0Number of asset objects unloaded after import = 31

========================================================================
Received Import Request.
  Time since last request: 49.921836 seconds.
  path: Assets/MobileARTemplateAssets/Prefabs/Park/1_Park_Bench.prefab
  artifactKey: Guid(05dc499abf8344636a806463427e3ccb) Importer(815301076,1909f56bfc062723c751e8b465ee728b)
Start importing Assets/MobileARTemplateAssets/Prefabs/Park/1_Park_Bench.prefab using Guid(05dc499abf8344636a806463427e3ccb) Importer(815301076,1909f56bfc062723c751e8b465ee728b) (PreviewImporter) -> (artifact id: '6ce0f4a5412dd83d976643d5d7cf18aa') in 0.0090787 seconds
Number of updated asset objects reloaded before import = 0Number of asset objects unloaded after import = 64

========================================================================
Received Import Request.
  Time since last request: 0.970994 seconds.
  path: Assets/MobileARTemplateAssets/Prefabs/Park/1_Park_Bench.prefab
  artifactKey: Guid(05dc499abf8344636a806463427e3ccb) Importer(2089858483,0ecaa5967403d082aa24f35e1b516d23)
Start importing Assets/MobileARTemplateAssets/Prefabs/Park/1_Park_Bench.prefab using Guid(05dc499abf8344636a806463427e3ccb) Importer(2089858483,0ecaa5967403d082aa24f35e1b516d23) (ScriptedImporter)Generated GUIDs only implemented for interfaces!
 -> (artifact id: '90aba6f302a4361f4bdd41037907aa51') in 0.0091731 seconds
Number of updated asset objects reloaded before import = 0Number of asset objects unloaded after import = 31

========================================================================
Received Import Request.
  Time since last request: 511.013271 seconds.
  path: Assets/MobileARTemplateAssets/Prefabs/Park/1_Park_Bench.prefab
  artifactKey: Guid(05dc499abf8344636a806463427e3ccb) Importer(815301076,1909f56bfc062723c751e8b465ee728b)
Start importing Assets/MobileARTemplateAssets/Prefabs/Park/1_Park_Bench.prefab using Guid(05dc499abf8344636a806463427e3ccb) Importer(815301076,1909f56bfc062723c751e8b465ee728b) (PreviewImporter) -> (artifact id: 'fd0106b41c0ad72612b160ae4994a5f1') in 0.0278747 seconds
Number of updated asset objects reloaded before import = 0Number of asset objects unloaded after import = 64

========================================================================
Received Import Request.
  Time since last request: 0.950601 seconds.
  path: Assets/MobileARTemplateAssets/Prefabs/Park/1_Park_Bench.prefab
  artifactKey: Guid(05dc499abf8344636a806463427e3ccb) Importer(2089858483,0ecaa5967403d082aa24f35e1b516d23)
Start importing Assets/MobileARTemplateAssets/Prefabs/Park/1_Park_Bench.prefab using Guid(05dc499abf8344636a806463427e3ccb) Importer(2089858483,0ecaa5967403d082aa24f35e1b516d23) (ScriptedImporter)Generated GUIDs only implemented for interfaces!
 -> (artifact id: '639039b23ac707076c34f21878042483') in 0.0094345 seconds
Number of updated asset objects reloaded before import = 0Number of asset objects unloaded after import = 31

========================================================================
Received Prepare
Refreshing native plugins compatible for Editor in 4.17 ms, found 7 plugins.
Preloading 0 native plugins for Editor in 0.00 ms.
Unloading 90 Unused Serialized files (Serialized files now loaded: 0)
Unloading 6230 unused Assets / (14.6 MB). Loaded Objects now: 6944.
Memory consumption went from 177.8 MB to 163.2 MB.
Total: 32.998100 ms (FindLiveObjects: 0.661300 ms CreateObjectMapping: 0.746400 ms MarkObjects: 25.855900 ms  DeleteObjects: 5.732500 ms)

Prepare: number of updated asset objects reloaded= 0
========================================================================
Received Prepare
Refreshing native plugins compatible for Editor in 4.12 ms, found 7 plugins.
Preloading 0 native plugins for Editor in 0.00 ms.
Unloading 90 Unused Serialized files (Serialized files now loaded: 0)
Unloading 6230 unused Assets / (14.6 MB). Loaded Objects now: 6944.
Memory consumption went from 177.8 MB to 163.3 MB.
Total: 10.606700 ms (FindLiveObjects: 0.448600 ms CreateObjectMapping: 0.289900 ms MarkObjects: 4.547100 ms  DeleteObjects: 5.320200 ms)

Prepare: number of updated asset objects reloaded= 0
========================================================================
Received Prepare
Refreshing native plugins compatible for Editor in 4.09 ms, found 7 plugins.
Preloading 0 native plugins for Editor in 0.00 ms.
Unloading 90 Unused Serialized files (Serialized files now loaded: 0)
Unloading 6230 unused Assets / (14.7 MB). Loaded Objects now: 6944.
Memory consumption went from 177.8 MB to 163.2 MB.
Total: 39.360000 ms (FindLiveObjects: 0.508800 ms CreateObjectMapping: 0.313700 ms MarkObjects: 32.351400 ms  DeleteObjects: 6.183200 ms)

Prepare: number of updated asset objects reloaded= 0
========================================================================
Received Prepare
Refreshing native plugins compatible for Editor in 4.67 ms, found 7 plugins.
Preloading 0 native plugins for Editor in 0.00 ms.
Unloading 90 Unused Serialized files (Serialized files now loaded: 0)
Unloading 6230 unused Assets / (14.6 MB). Loaded Objects now: 6944.
Memory consumption went from 177.9 MB to 163.3 MB.
Total: 9.922800 ms (FindLiveObjects: 0.465800 ms CreateObjectMapping: 0.286200 ms MarkObjects: 4.073800 ms  DeleteObjects: 5.095100 ms)

Prepare: number of updated asset objects reloaded= 0
========================================================================
Received Import Request.
  Time since last request: 601.357750 seconds.
  path: Assets/Prefabs/Placement.prefab
  artifactKey: Guid(129ad34963f384c74a74dc102aafbe4d) Importer(815301076,1909f56bfc062723c751e8b465ee728b)
Start importing Assets/Prefabs/Placement.prefab using Guid(129ad34963f384c74a74dc102aafbe4d) Importer(815301076,1909f56bfc062723c751e8b465ee728b) (PreviewImporter) -> (artifact id: 'd77e8f84b448a8a8b15cbfb4396ec66a') in 0.0537979 seconds
Number of updated asset objects reloaded before import = 0Number of asset objects unloaded after import = 50

========================================================================
Received Import Request.
  Time since last request: 0.910060 seconds.
  path: Assets/Prefabs/Placement.prefab
  artifactKey: Guid(129ad34963f384c74a74dc102aafbe4d) Importer(2089858483,0ecaa5967403d082aa24f35e1b516d23)
Start importing Assets/Prefabs/Placement.prefab using Guid(129ad34963f384c74a74dc102aafbe4d) Importer(2089858483,0ecaa5967403d082aa24f35e1b516d23) (ScriptedImporter)Generated GUIDs only implemented for interfaces!
 -> (artifact id: '45dd230ea7b69c8e7aaaca486a768420') in 0.0554105 seconds
Number of updated asset objects reloaded before import = 0Number of asset objects unloaded after import = 18

========================================================================
Received Import Request.
  Time since last request: 0.032451 seconds.
  path: Assets/Prefabs/Placement.prefab
  artifactKey: Guid(129ad34963f384c74a74dc102aafbe4d) Importer(815301076,1909f56bfc062723c751e8b465ee728b)
Start importing Assets/Prefabs/Placement.prefab using Guid(129ad34963f384c74a74dc102aafbe4d) Importer(815301076,1909f56bfc062723c751e8b465ee728b) (PreviewImporter) -> (artifact id: '66df909c43a96d7e32408d106a016f4e') in 0.0110033 seconds
Number of updated asset objects reloaded before import = 0Number of asset objects unloaded after import = 50

========================================================================
Received Prepare
Refreshing native plugins compatible for Editor in 4.51 ms, found 7 plugins.
Preloading 0 native plugins for Editor in 0.00 ms.
Unloading 90 Unused Serialized files (Serialized files now loaded: 0)
Unloading 6230 unused Assets / (14.6 MB). Loaded Objects now: 6945.
Memory consumption went from 177.8 MB to 163.2 MB.
Total: 12.669000 ms (FindLiveObjects: 0.452900 ms CreateObjectMapping: 0.286000 ms MarkObjects: 6.544600 ms  DeleteObjects: 5.383400 ms)

Prepare: number of updated asset objects reloaded= 0
========================================================================
Received Prepare
Refreshing native plugins compatible for Editor in 4.26 ms, found 7 plugins.
Preloading 0 native plugins for Editor in 0.00 ms.
Unloading 90 Unused Serialized files (Serialized files now loaded: 0)
Unloading 6230 unused Assets / (14.6 MB). Loaded Objects now: 6945.
Memory consumption went from 177.9 MB to 163.3 MB.
Total: 10.035800 ms (FindLiveObjects: 0.432600 ms CreateObjectMapping: 0.260500 ms MarkObjects: 4.092000 ms  DeleteObjects: 5.249700 ms)

Prepare: number of updated asset objects reloaded= 0
========================================================================
Received Prepare
Refreshing native plugins compatible for Editor in 5.06 ms, found 7 plugins.
Preloading 0 native plugins for Editor in 0.00 ms.
Unloading 90 Unused Serialized files (Serialized files now loaded: 0)
Unloading 6230 unused Assets / (14.6 MB). Loaded Objects now: 6945.
Memory consumption went from 177.9 MB to 163.3 MB.
Total: 13.201900 ms (FindLiveObjects: 0.478700 ms CreateObjectMapping: 0.288300 ms MarkObjects: 6.329800 ms  DeleteObjects: 6.103000 ms)

Prepare: number of updated asset objects reloaded= 0
========================================================================
Received Prepare
Refreshing native plugins compatible for Editor in 4.19 ms, found 7 plugins.
Preloading 0 native plugins for Editor in 0.00 ms.
Unloading 90 Unused Serialized files (Serialized files now loaded: 0)
Unloading 6230 unused Assets / (14.9 MB). Loaded Objects now: 6945.
Memory consumption went from 177.9 MB to 163.0 MB.
Total: 12.084000 ms (FindLiveObjects: 0.441700 ms CreateObjectMapping: 0.271100 ms MarkObjects: 4.136700 ms  DeleteObjects: 7.232200 ms)

Prepare: number of updated asset objects reloaded= 0
========================================================================
Received Import Request.
  Time since last request: 2034.495381 seconds.
  path: Assets/Samples/XR Interaction Toolkit/2.5.4/Starter Assets/DemoSceneAssets/Prefabs/Interactables Sample.prefab
  artifactKey: Guid(6821e1b7f44d8c44b8a2ba02f37309d5) Importer(815301076,1909f56bfc062723c751e8b465ee728b)
Start importing Assets/Samples/XR Interaction Toolkit/2.5.4/Starter Assets/DemoSceneAssets/Prefabs/Interactables Sample.prefab using Guid(6821e1b7f44d8c44b8a2ba02f37309d5) Importer(815301076,1909f56bfc062723c751e8b465ee728b) (PreviewImporter) -> (artifact id: 'bee84c941cfaeef9ee703129dd4cf2f2') in 0.2155322 seconds
Number of updated asset objects reloaded before import = 0Number of asset objects unloaded after import = 161

========================================================================
Received Import Request.
  Time since last request: 135.544953 seconds.
  path: Assets/Samples/XR Interaction Toolkit/2.5.4/Starter Assets/Prefabs/Interactors
  artifactKey: Guid(f585a443d5224c19adcc94a236a4b2d6) Importer(815301076,1909f56bfc062723c751e8b465ee728b)
Start importing Assets/Samples/XR Interaction Toolkit/2.5.4/Starter Assets/Prefabs/Interactors using Guid(f585a443d5224c19adcc94a236a4b2d6) Importer(815301076,1909f56bfc062723c751e8b465ee728b) (PreviewImporter) -> (artifact id: '59336893c3bdbb83212d0ce7acc0bff0') in 0.0032537 seconds
Number of updated asset objects reloaded before import = 0Number of asset objects unloaded after import = 0

========================================================================
Received Import Request.
  Time since last request: 0.538584 seconds.
  path: Assets/Samples/XR Interaction Toolkit/2.5.4/Starter Assets/Prefabs/Controllers
  artifactKey: Guid(8cb8501f33d08a04fabf074fd81eaf76) Importer(815301076,1909f56bfc062723c751e8b465ee728b)
Start importing Assets/Samples/XR Interaction Toolkit/2.5.4/Starter Assets/Prefabs/Controllers using Guid(8cb8501f33d08a04fabf074fd81eaf76) Importer(815301076,1909f56bfc062723c751e8b465ee728b) (PreviewImporter) -> (artifact id: '30ad09e46cfefcb7b246640236964970') in 0.0008374 seconds
Number of updated asset objects reloaded before import = 0Number of asset objects unloaded after import = 0

========================================================================
Received Import Request.
  Time since last request: 16.092397 seconds.
  path: Assets/Samples/XR Interaction Toolkit/2.5.4/Starter Assets/DemoSceneAssets/Prefabs/Climb/Climb Sample.prefab
  artifactKey: Guid(2ea572d587ee60f44bd5baa3bc2d6503) Importer(815301076,1909f56bfc062723c751e8b465ee728b)
Start importing Assets/Samples/XR Interaction Toolkit/2.5.4/Starter Assets/DemoSceneAssets/Prefabs/Climb/Climb Sample.prefab using Guid(2ea572d587ee60f44bd5baa3bc2d6503) Importer(815301076,1909f56bfc062723c751e8b465ee728b) (PreviewImporter) -> (artifact id: '5847d7b317da4772f5fe19c1c9a3805d') in 0.0834679 seconds
Number of updated asset objects reloaded before import = 0Number of asset objects unloaded after import = 1111

========================================================================
Received Import Request.
  Time since last request: 0.000022 seconds.
  path: Assets/Samples/XR Interaction Toolkit/2.5.4/Starter Assets/DemoSceneAssets/Prefabs/Climb/Ladder.prefab
  artifactKey: Guid(b3830b3b2f190ee46a9c88433e985221) Importer(815301076,1909f56bfc062723c751e8b465ee728b)
Start importing Assets/Samples/XR Interaction Toolkit/2.5.4/Starter Assets/DemoSceneAssets/Prefabs/Climb/Ladder.prefab using Guid(b3830b3b2f190ee46a9c88433e985221) Importer(815301076,1909f56bfc062723c751e8b465ee728b) (PreviewImporter) -> (artifact id: 'e3ea3aa12f3742fe40ce7bcc2ba76c31') in 0.011515 seconds
Number of updated asset objects reloaded before import = 0Number of asset objects unloaded after import = 214

========================================================================
Received Import Request.
  Time since last request: 58.342351 seconds.
  path: Assets/Scenes/ARCloudAnchortest.unity
  artifactKey: Guid(7a2570febc3e86f4ab28dc0ee6127a3e) Importer(2089858483,0ecaa5967403d082aa24f35e1b516d23)
Start importing Assets/Scenes/ARCloudAnchortest.unity using Guid(7a2570febc3e86f4ab28dc0ee6127a3e) Importer(2089858483,0ecaa5967403d082aa24f35e1b516d23) (ScriptedImporter)Generated GUIDs only implemented for interfaces!
 -> (artifact id: 'b86cb119d3aed2dca04d8e1f6748f463') in 0.0144449 seconds
Number of updated asset objects reloaded before import = 0Number of asset objects unloaded after import = 1

========================================================================
Received Prepare
Refreshing native plugins compatible for Editor in 4.15 ms, found 7 plugins.
Preloading 0 native plugins for Editor in 0.00 ms.
Unloading 90 Unused Serialized files (Serialized files now loaded: 0)
Unloading 6230 unused Assets / (14.7 MB). Loaded Objects now: 6947.
Memory consumption went from 178.7 MB to 164.0 MB.
Total: 38.748600 ms (FindLiveObjects: 0.530100 ms CreateObjectMapping: 0.283100 ms MarkObjects: 32.275900 ms  DeleteObjects: 5.657200 ms)

Prepare: number of updated asset objects reloaded= 0
========================================================================
Received Prepare
Refreshing native plugins compatible for Editor in 3.96 ms, found 7 plugins.
Preloading 0 native plugins for Editor in 0.00 ms.
Unloading 90 Unused Serialized files (Serialized files now loaded: 0)
Unloading 6230 unused Assets / (15.0 MB). Loaded Objects now: 6947.
Memory consumption went from 178.7 MB to 163.7 MB.
Total: 12.513100 ms (FindLiveObjects: 0.483900 ms CreateObjectMapping: 0.278600 ms MarkObjects: 4.580800 ms  DeleteObjects: 7.167400 ms)

Prepare: number of updated asset objects reloaded= 0
========================================================================
Received Import Request.
  Time since last request: 190.021238 seconds.
  path: Packages/com.unity.render-pipelines.universal/Shaders/Utils/CopyDepthPass.hlsl
  artifactKey: Guid(971e7c84ed6bc40fc95bdbb2e008013f) Importer(815301076,1909f56bfc062723c751e8b465ee728b)
Start importing Packages/com.unity.render-pipelines.universal/Shaders/Utils/CopyDepthPass.hlsl using Guid(971e7c84ed6bc40fc95bdbb2e008013f) Importer(815301076,1909f56bfc062723c751e8b465ee728b) (PreviewImporter) -> (artifact id: '5af07ecd79de2315fff882deef52fffc') in 0.0327203 seconds
Number of updated asset objects reloaded before import = 0Number of asset objects unloaded after import = 1

========================================================================
Received Import Request.
  Time since last request: 10.201844 seconds.
  path: Assets/Samples/XR Interaction Toolkit/2.5.4/Starter Assets/DemoSceneAssets/Prefabs/Teleport/Snapping Teleport Anchor.prefab
  artifactKey: Guid(037ba65d346be2a48ad006b9a9a3873e) Importer(815301076,1909f56bfc062723c751e8b465ee728b)
Start importing Assets/Samples/XR Interaction Toolkit/2.5.4/Starter Assets/DemoSceneAssets/Prefabs/Teleport/Snapping Teleport Anchor.prefab using Guid(037ba65d346be2a48ad006b9a9a3873e) Importer(815301076,1909f56bfc062723c751e8b465ee728b) (PreviewImporter) -> (artifact id: '4bd08f91432d637765702eb26a1ec7f9') in 0.1812508 seconds
Number of updated asset objects reloaded before import = 0Number of asset objects unloaded after import = 103

========================================================================
Received Import Request.
  Time since last request: 0.000020 seconds.
  path: Assets/Samples/XR Interaction Toolkit/2.5.4/Starter Assets/DemoSceneAssets/Prefabs/Teleport/Teleport Area.prefab
  artifactKey: Guid(beb4e2871579447497fe41dfb108e2cd) Importer(815301076,1909f56bfc062723c751e8b465ee728b)
Start importing Assets/Samples/XR Interaction Toolkit/2.5.4/Starter Assets/DemoSceneAssets/Prefabs/Teleport/Teleport Area.prefab using Guid(beb4e2871579447497fe41dfb108e2cd) Importer(815301076,1909f56bfc062723c751e8b465ee728b) (PreviewImporter) -> (artifact id: 'a68ca9ee47a1855688f7e4ee59524675') in 0.0106733 seconds
Number of updated asset objects reloaded before import = 0Number of asset objects unloaded after import = 83

========================================================================
Received Import Request.
  Time since last request: 18.719051 seconds.
  path: Assets/Samples/XR Interaction Toolkit/2.5.4/Starter Assets/DemoSceneAssets/Prefabs/UI/Dropdown.prefab
  artifactKey: Guid(870459f1cb8d7b7428337cc5935feb67) Importer(815301076,1909f56bfc062723c751e8b465ee728b)
Start importing Assets/Samples/XR Interaction Toolkit/2.5.4/Starter Assets/DemoSceneAssets/Prefabs/UI/Dropdown.prefab using Guid(870459f1cb8d7b7428337cc5935feb67) Importer(815301076,1909f56bfc062723c751e8b465ee728b) (PreviewImporter) -> (artifact id: 'b1cebc9bd813d854f664115ac546ec8b') in 0.0717836 seconds
Number of updated asset objects reloaded before import = 0Number of asset objects unloaded after import = 61

========================================================================
Received Import Request.
  Time since last request: 0.000020 seconds.
  path: Assets/Samples/XR Interaction Toolkit/2.5.4/Starter Assets/DemoSceneAssets/Prefabs/UI/MinMaxSlider.prefab
  artifactKey: Guid(657321a07c3561043af55547ec4b0ed7) Importer(815301076,1909f56bfc062723c751e8b465ee728b)
Start importing Assets/Samples/XR Interaction Toolkit/2.5.4/Starter Assets/DemoSceneAssets/Prefabs/UI/MinMaxSlider.prefab using Guid(657321a07c3561043af55547ec4b0ed7) Importer(815301076,1909f56bfc062723c751e8b465ee728b) (PreviewImporter) -> (artifact id: 'dc45059f1abc3046c4eb6d94f6f1641f') in 0.0041481 seconds
Number of updated asset objects reloaded before import = 0Number of asset objects unloaded after import = 26

========================================================================
Received Import Request.
  Time since last request: 0.000028 seconds.
  path: Assets/Samples/XR Interaction Toolkit/2.5.4/Starter Assets/DemoSceneAssets/Prefabs/UI/Interactive Controls.prefab
  artifactKey: Guid(7bbb1960bab3e75459304488d8d1ffba) Importer(815301076,1909f56bfc062723c751e8b465ee728b)
Start importing Assets/Samples/XR Interaction Toolkit/2.5.4/Starter Assets/DemoSceneAssets/Prefabs/UI/Interactive Controls.prefab using Guid(7bbb1960bab3e75459304488d8d1ffba) Importer(815301076,1909f56bfc062723c751e8b465ee728b) (PreviewImporter) -> (artifact id: '2831cdefeca057a192ecb5e89a60827c') in 0.0344142 seconds
Number of updated asset objects reloaded before import = 0Number of asset objects unloaded after import = 204

========================================================================
Received Prepare
Refreshing native plugins compatible for Editor in 5.90 ms, found 7 plugins.
Preloading 0 native plugins for Editor in 0.00 ms.
Unloading 90 Unused Serialized files (Serialized files now loaded: 0)
Unloading 6233 unused Assets / (14.7 MB). Loaded Objects now: 6949.
Memory consumption went from 179.4 MB to 164.8 MB.
Total: 53.346700 ms (FindLiveObjects: 1.047200 ms CreateObjectMapping: 0.512400 ms MarkObjects: 45.347000 ms  DeleteObjects: 6.436600 ms)

Prepare: number of updated asset objects reloaded= 0
========================================================================
Received Prepare
Refreshing native plugins compatible for Editor in 4.62 ms, found 7 plugins.
Preloading 0 native plugins for Editor in 0.00 ms.
Unloading 90 Unused Serialized files (Serialized files now loaded: 0)
Unloading 6230 unused Assets / (14.6 MB). Loaded Objects now: 6949.
Memory consumption went from 179.4 MB to 164.7 MB.
Total: 10.868200 ms (FindLiveObjects: 0.461900 ms CreateObjectMapping: 0.282700 ms MarkObjects: 4.656400 ms  DeleteObjects: 5.465000 ms)

Prepare: number of updated asset objects reloaded= 0
========================================================================
Received Import Request.
  Time since last request: 934.811190 seconds.
  path: Assets/Prefabs/CharacterPlacement.prefab
  artifactKey: Guid(23cfcc059ac2646eeaa6bf6b81088206) Importer(815301076,1909f56bfc062723c751e8b465ee728b)
Start importing Assets/Prefabs/CharacterPlacement.prefab using Guid(23cfcc059ac2646eeaa6bf6b81088206) Importer(815301076,1909f56bfc062723c751e8b465ee728b) (PreviewImporter) -> (artifact id: '1668fb8ef51cbd7681a14aa0a3758d38') in 0.3824238 seconds
Internal: There are remaining Allocations on the JobTempAlloc. This is a leak, and will impact performance
To Debug, run app with -diag-job-temp-memory-leak-validation cmd line argument. This will output the callstacks of the leaked allocations.
Number of updated asset objects reloaded before import = 0Number of asset objects unloaded after import = 531

========================================================================
Received Prepare
Refreshing native plugins compatible for Editor in 4.88 ms, found 7 plugins.
Preloading 0 native plugins for Editor in 0.00 ms.
Unloading 90 Unused Serialized files (Serialized files now loaded: 0)
Unloading 6229 unused Assets / (15.1 MB). Loaded Objects now: 6952.
Memory consumption went from 190.1 MB to 174.9 MB.
Total: 15.118200 ms (FindLiveObjects: 0.653000 ms CreateObjectMapping: 0.315300 ms MarkObjects: 7.689500 ms  DeleteObjects: 6.458400 ms)

Prepare: number of updated asset objects reloaded= 0
========================================================================
Received Prepare
Refreshing native plugins compatible for Editor in 4.11 ms, found 7 plugins.
Preloading 0 native plugins for Editor in 0.00 ms.
Unloading 89 Unused Serialized files (Serialized files now loaded: 0)
Unloading 6229 unused Assets / (14.6 MB). Loaded Objects now: 6952.
Memory consumption went from 189.8 MB to 175.1 MB.
Total: 10.784100 ms (FindLiveObjects: 0.445400 ms CreateObjectMapping: 0.286000 ms MarkObjects: 4.405800 ms  DeleteObjects: 5.645200 ms)

Prepare: number of updated asset objects reloaded= 0
========================================================================
Received Import Request.
  Time since last request: 83864.010219 seconds.
  path: Assets/Prefabs/CharacterPlacement.prefab
  artifactKey: Guid(23cfcc059ac2646eeaa6bf6b81088206) Importer(815301076,1909f56bfc062723c751e8b465ee728b)
Start importing Assets/Prefabs/CharacterPlacement.prefab using Guid(23cfcc059ac2646eeaa6bf6b81088206) Importer(815301076,1909f56bfc062723c751e8b465ee728b) (PreviewImporter) -> (artifact id: '7466b83fea0de3060074836635833791') in 0.9141924 seconds
Internal: There are remaining Allocations on the JobTempAlloc. This is a leak, and will impact performance
To Debug, run app with -diag-job-temp-memory-leak-validation cmd line argument. This will output the callstacks of the leaked allocations.
Number of updated asset objects reloaded before import = 0Number of asset objects unloaded after import = 530

========================================================================
Received Import Request.
  Time since last request: 2.450156 seconds.
  path: Assets/Prefabs/CharacterPlacement.prefab
  artifactKey: Guid(23cfcc059ac2646eeaa6bf6b81088206) Importer(815301076,1909f56bfc062723c751e8b465ee728b)
Start importing Assets/Prefabs/CharacterPlacement.prefab using Guid(23cfcc059ac2646eeaa6bf6b81088206) Importer(815301076,1909f56bfc062723c751e8b465ee728b) (PreviewImporter) -> (artifact id: 'c46bddd39b990b38842a33940f15cc1e') in 0.2253799 seconds
Internal: There are remaining Allocations on the JobTempAlloc. This is a leak, and will impact performance
To Debug, run app with -diag-job-temp-memory-leak-validation cmd line argument. This will output the callstacks of the leaked allocations.
Number of updated asset objects reloaded before import = 0Number of asset objects unloaded after import = 530

========================================================================
Received Prepare
Refreshing native plugins compatible for Editor in 5.30 ms, found 7 plugins.
Preloading 0 native plugins for Editor in 0.00 ms.
Unloading 89 Unused Serialized files (Serialized files now loaded: 0)
Unloading 6229 unused Assets / (14.2 MB). Loaded Objects now: 6952.
Memory consumption went from 189.7 MB to 175.5 MB.
Total: 90.062400 ms (FindLiveObjects: 1.008800 ms CreateObjectMapping: 0.340500 ms MarkObjects: 81.042700 ms  DeleteObjects: 7.667200 ms)

Prepare: number of updated asset objects reloaded= 0
========================================================================
Received Prepare
Refreshing native plugins compatible for Editor in 3.83 ms, found 7 plugins.
Preloading 0 native plugins for Editor in 0.00 ms.
Unloading 89 Unused Serialized files (Serialized files now loaded: 0)
Unloading 6229 unused Assets / (14.7 MB). Loaded Objects now: 6952.
Memory consumption went from 189.8 MB to 175.1 MB.
Total: 10.575800 ms (FindLiveObjects: 0.465400 ms CreateObjectMapping: 0.285300 ms MarkObjects: 4.232500 ms  DeleteObjects: 5.590400 ms)

Prepare: number of updated asset objects reloaded= 0
========================================================================
Received Prepare
Refreshing native plugins compatible for Editor in 6.06 ms, found 7 plugins.
Preloading 0 native plugins for Editor in 0.00 ms.
Unloading 89 Unused Serialized files (Serialized files now loaded: 0)
Unloading 6229 unused Assets / (14.9 MB). Loaded Objects now: 6952.
Memory consumption went from 189.8 MB to 174.9 MB.
Total: 17.623200 ms (FindLiveObjects: 0.627000 ms CreateObjectMapping: 0.369900 ms MarkObjects: 8.234400 ms  DeleteObjects: 8.389900 ms)

Prepare: number of updated asset objects reloaded= 0
========================================================================
Received Prepare
Refreshing native plugins compatible for Editor in 4.28 ms, found 7 plugins.
Preloading 0 native plugins for Editor in 0.00 ms.
Unloading 89 Unused Serialized files (Serialized files now loaded: 0)
Unloading 6229 unused Assets / (14.5 MB). Loaded Objects now: 6952.
Memory consumption went from 189.9 MB to 175.3 MB.
Total: 12.105000 ms (FindLiveObjects: 0.469900 ms CreateObjectMapping: 0.356300 ms MarkObjects: 4.670800 ms  DeleteObjects: 6.606200 ms)

Prepare: number of updated asset objects reloaded= 0
========================================================================
Received Prepare
Refreshing native plugins compatible for Editor in 4.31 ms, found 7 plugins.
Preloading 0 native plugins for Editor in 0.00 ms.
Unloading 89 Unused Serialized files (Serialized files now loaded: 0)
Unloading 6229 unused Assets / (12.6 MB). Loaded Objects now: 6952.
Memory consumption went from 189.8 MB to 177.2 MB.
Total: 89.474800 ms (FindLiveObjects: 0.902500 ms CreateObjectMapping: 0.357500 ms MarkObjects: 80.450300 ms  DeleteObjects: 7.761200 ms)

Prepare: number of updated asset objects reloaded= 0
========================================================================
Received Prepare
Refreshing native plugins compatible for Editor in 4.12 ms, found 7 plugins.
Preloading 0 native plugins for Editor in 0.00 ms.
Unloading 89 Unused Serialized files (Serialized files now loaded: 0)
Unloading 6229 unused Assets / (15.1 MB). Loaded Objects now: 6952.
Memory consumption went from 189.9 MB to 174.8 MB.
Total: 10.956900 ms (FindLiveObjects: 0.470400 ms CreateObjectMapping: 0.345400 ms MarkObjects: 4.437200 ms  DeleteObjects: 5.702900 ms)

Prepare: number of updated asset objects reloaded= 0
========================================================================
Received Prepare
Refreshing native plugins compatible for Editor in 6.56 ms, found 7 plugins.
Preloading 0 native plugins for Editor in 0.00 ms.
Unloading 89 Unused Serialized files (Serialized files now loaded: 0)
Unloading 6229 unused Assets / (14.6 MB). Loaded Objects now: 6952.
Memory consumption went from 189.7 MB to 175.1 MB.
Total: 13.823000 ms (FindLiveObjects: 0.559400 ms CreateObjectMapping: 0.268100 ms MarkObjects: 6.256300 ms  DeleteObjects: 6.737500 ms)

Prepare: number of updated asset objects reloaded= 0
========================================================================
Received Prepare
Refreshing native plugins compatible for Editor in 4.16 ms, found 7 plugins.
Preloading 0 native plugins for Editor in 0.00 ms.
Unloading 89 Unused Serialized files (Serialized files now loaded: 0)
Unloading 6229 unused Assets / (14.8 MB). Loaded Objects now: 6952.
Memory consumption went from 189.8 MB to 175.0 MB.
Total: 10.408200 ms (FindLiveObjects: 0.435200 ms CreateObjectMapping: 0.272400 ms MarkObjects: 4.334200 ms  DeleteObjects: 5.364300 ms)

Prepare: number of updated asset objects reloaded= 0
========================================================================
Received Prepare
Refreshing native plugins compatible for Editor in 6.21 ms, found 7 plugins.
Preloading 0 native plugins for Editor in 0.00 ms.
Unloading 89 Unused Serialized files (Serialized files now loaded: 0)
Unloading 6229 unused Assets / (14.7 MB). Loaded Objects now: 6952.
Memory consumption went from 189.8 MB to 175.1 MB.
Total: 81.766100 ms (FindLiveObjects: 0.851200 ms CreateObjectMapping: 0.283700 ms MarkObjects: 74.192000 ms  DeleteObjects: 6.437000 ms)

Prepare: number of updated asset objects reloaded= 0
========================================================================
Received Prepare
Refreshing native plugins compatible for Editor in 5.28 ms, found 7 plugins.
Preloading 0 native plugins for Editor in 0.00 ms.
Unloading 89 Unused Serialized files (Serialized files now loaded: 0)
Unloading 6229 unused Assets / (15.0 MB). Loaded Objects now: 6952.
Memory consumption went from 189.8 MB to 174.9 MB.
Total: 11.309100 ms (FindLiveObjects: 0.480100 ms CreateObjectMapping: 0.301200 ms MarkObjects: 4.484400 ms  DeleteObjects: 6.042600 ms)

Prepare: number of updated asset objects reloaded= 0
========================================================================
Received Prepare
Refreshing native plugins compatible for Editor in 4.42 ms, found 7 plugins.
Preloading 0 native plugins for Editor in 0.00 ms.
Unloading 89 Unused Serialized files (Serialized files now loaded: 0)
Unloading 6229 unused Assets / (14.5 MB). Loaded Objects now: 6952.
Memory consumption went from 189.8 MB to 175.3 MB.
Total: 18.692900 ms (FindLiveObjects: 0.491700 ms CreateObjectMapping: 0.292200 ms MarkObjects: 8.034400 ms  DeleteObjects: 9.872700 ms)

Prepare: number of updated asset objects reloaded= 0
========================================================================
Received Prepare
Refreshing native plugins compatible for Editor in 4.10 ms, found 7 plugins.
Preloading 0 native plugins for Editor in 0.00 ms.
Unloading 89 Unused Serialized files (Serialized files now loaded: 0)
Unloading 6229 unused Assets / (14.8 MB). Loaded Objects now: 6952.
Memory consumption went from 189.9 MB to 175.0 MB.
Total: 11.665000 ms (FindLiveObjects: 0.421800 ms CreateObjectMapping: 0.276300 ms MarkObjects: 4.326100 ms  DeleteObjects: 6.639600 ms)

Prepare: number of updated asset objects reloaded= 0
========================================================================
Received Import Request.
  Time since last request: 78502.119487 seconds.
  path: Assets/Samples/XR Interaction Toolkit/2.5.4/XR Device Simulator/UI/HeadDevice/XR.png
  artifactKey: Guid(0265e2b6afccd49de9c1f0b3a1fb4285) Importer(815301076,1909f56bfc062723c751e8b465ee728b)
Start importing Assets/Samples/XR Interaction Toolkit/2.5.4/XR Device Simulator/UI/HeadDevice/XR.png using Guid(0265e2b6afccd49de9c1f0b3a1fb4285) Importer(815301076,1909f56bfc062723c751e8b465ee728b) (PreviewImporter) -> (artifact id: '1ccde29fe5fea85973955bc1fe1eeb53') in 0.3680466 seconds
Internal: There are remaining Allocations on the JobTempAlloc. This is a leak, and will impact performance
To Debug, run app with -diag-job-temp-memory-leak-validation cmd line argument. This will output the callstacks of the leaked allocations.
Number of updated asset objects reloaded before import = 0Number of asset objects unloaded after import = 3

Editor requested this worker to shutdown with reason: Scaling down because of idle timeout
AssetImportWorker is now disconnected from the server
Process exiting
Exiting without the bug reporter. Application will terminate with return code 0